Product: MDK-ARM Lite 5.10
Component: ARM Compiler 5.04 update 1 (build 49)
Tool: armlink [5040049]

==============================================================================

Section Cross References

    main.o(i.main) refers to _printf_percent.o(.ARM.Collect$$_printf_percent$$00000000) for _printf_percent
    main.o(i.main) refers to _printf_s.o(.ARM.Collect$$_printf_percent$$00000014) for _printf_s
    main.o(i.main) refers to _printf_str.o(.text) for _printf_str
    main.o(i.main) refers to sysctl.o(i.SysCtlClockSet) for SysCtlClockSet
    main.o(i.main) refers to termio.o(i.TERMIO_Init) for TERMIO_Init
    main.o(i.main) refers to noretval__2printf.o(.text) for __2printf
    main.o(i.main) refers to puts.o(.text) for puts
    main.o(i.main) refers to enablepa25_pb23_pd7_pf0.o(i.PortFunctionInit) for PortFunctionInit
    main.o(i.main) refers to es_framework.o(i.ES_Initialize) for ES_Initialize
    main.o(i.main) refers to es_framework.o(i.ES_Run) for ES_Run
    eventcheckers.o(i.Check4Keystroke) refers to termio.o(i.kbhit) for kbhit
    eventcheckers.o(i.Check4Keystroke) refers to getc.o(.text) for getc
    eventcheckers.o(i.Check4Keystroke) refers to testharnessservice0.o(i.PostTestHarnessService0) for PostTestHarnessService0
    eventcheckers.o(i.Check4Keystroke) refers to es_postlist.o(i.ES_PostList00) for ES_PostList00
    eventcheckers.o(i.Check4Keystroke) refers to retarget.o(.data) for __stdin
    testharnessservice0.o(i.InitTestHarnessService0) refers to es_queue.o(i.ES_InitQueue) for ES_InitQueue
    testharnessservice0.o(i.InitTestHarnessService0) refers to es_shorttimer.o(i.ES_ShortTimerInit) for ES_ShortTimerInit
    testharnessservice0.o(i.InitTestHarnessService0) refers to es_framework.o(i.ES_PostToService) for ES_PostToService
    testharnessservice0.o(i.InitTestHarnessService0) refers to testharnessservice0.o(.data) for .data
    testharnessservice0.o(i.InitTestHarnessService0) refers to testharnessservice0.o(.bss) for .bss
    testharnessservice0.o(i.PostTestHarnessService0) refers to es_framework.o(i.ES_PostToService) for ES_PostToService
    testharnessservice0.o(i.PostTestHarnessService0) refers to testharnessservice0.o(.data) for .data
    testharnessservice0.o(i.RunTestHarnessService0) refers to _printf_percent.o(.ARM.Collect$$_printf_percent$$00000000) for _printf_percent
    testharnessservice0.o(i.RunTestHarnessService0) refers to _printf_d.o(.ARM.Collect$$_printf_percent$$00000009) for _printf_d
    testharnessservice0.o(i.RunTestHarnessService0) refers to _printf_dec.o(.text) for _printf_int_dec
    testharnessservice0.o(i.RunTestHarnessService0) refers to _printf_c.o(.ARM.Collect$$_printf_percent$$00000013) for _printf_c
    testharnessservice0.o(i.RunTestHarnessService0) refers to _printf_str.o(.text) for _printf_str
    testharnessservice0.o(i.RunTestHarnessService0) refers to es_timers.o(i.ES_Timer_InitTimer) for ES_Timer_InitTimer
    testharnessservice0.o(i.RunTestHarnessService0) refers to puts.o(.text) for puts
    testharnessservice0.o(i.RunTestHarnessService0) refers to noretval__2printf.o(.text) for __2printf
    testharnessservice0.o(i.RunTestHarnessService0) refers to es_queue.o(i.ES_EnQueueLIFO) for ES_EnQueueLIFO
    testharnessservice0.o(i.RunTestHarnessService0) refers to es_framework.o(i.ES_PostToService) for ES_PostToService
    testharnessservice0.o(i.RunTestHarnessService0) refers to es_deferrecall.o(i.ES_RecallEvents) for ES_RecallEvents
    testharnessservice0.o(i.RunTestHarnessService0) refers to es_shorttimer.o(i.ES_ShortTimerStart) for ES_ShortTimerStart
    testharnessservice0.o(i.RunTestHarnessService0) refers to testharnessservice0.o(.data) for .data
    testharnessservice0.o(i.RunTestHarnessService0) refers to testharnessservice0.o(.bss) for .bss
    templatefsm.o(i.InitTemplateFSM) refers to es_framework.o(i.ES_PostToService) for ES_PostToService
    templatefsm.o(i.InitTemplateFSM) refers to templatefsm.o(.data) for .data
    templatefsm.o(i.PostTemplateFSM) refers to es_framework.o(i.ES_PostToService) for ES_PostToService
    templatefsm.o(i.PostTemplateFSM) refers to templatefsm.o(.data) for .data
    templatefsm.o(i.QueryTemplateFSM) refers to templatefsm.o(.data) for .data
    templatefsm.o(i.RunTemplateFSM) refers to templatefsm.o(.data) for .data
    startup_rvmdk.o(STACK) refers (Special) to heapauxi.o(.text) for __use_two_region_memory
    startup_rvmdk.o(HEAP) refers (Special) to heapauxi.o(.text) for __use_two_region_memory
    startup_rvmdk.o(RESET) refers (Special) to heapauxi.o(.text) for __use_two_region_memory
    startup_rvmdk.o(RESET) refers to startup_rvmdk.o(STACK) for StackMem
    startup_rvmdk.o(RESET) refers to es_port.o(i.SysTickIntHandler) for SysTickIntHandler
    startup_rvmdk.o(RESET) refers to es_shorttimer.o(i.ShortTimerAHandler) for ShortTimerAHandler
    startup_rvmdk.o(RESET) refers to es_shorttimer.o(i.ShortTimerBHandler) for ShortTimerBHandler
[...]
    libinit.o(.ARM.Collect$$libinit$$00000000) refers (Special) to libinit2.o(.ARM.Collect$$libinit$$00000030) for __rt_lib_init_cpp_1
    libinit.o(.ARM.Collect$$libinit$$00000000) refers (Special) to libinit2.o(.ARM.Collect$$libinit$$0000002E) for __rt_lib_init_exceptions_1
    libinit.o(.ARM.Collect$$libinit$$00000000) refers (Special) to libinit2.o(.ARM.Collect$$libinit$$00000001) for __rt_lib_init_fp_1
    libinit.o(.ARM.Collect$$libinit$$00000000) refers (Special) to libinit2.o(.ARM.Collect$$libinit$$0000001D) for __rt_lib_init_fp_trap_1
    libinit.o(.ARM.Collect$$libinit$$00000000) refers (Special) to libinit2.o(.ARM.Collect$$libinit$$00000021) for __rt_lib_init_getenv_1
    libinit.o(.ARM.Collect$$libinit$$00000000) refers (Special) to libinit2.o(.ARM.Collect$$libinit$$00000008) for __rt_lib_init_heap_1
    libinit.o(.ARM.Collect$$libinit$$00000000) refers (Special) to libinit2.o(.ARM.Collect$$libinit$$0000000F) for __rt_lib_init_lc_collate_1
    libinit.o(.ARM.Collect$$libinit$$00000000) refers (Special) to libinit2.o(.ARM.Collect$$libinit$$00000011) for __rt_lib_init_lc_ctype_1
    libinit.o(.ARM.Collect$$libinit$$00000000) refers (Special) to libinit2.o(.ARM.Collect$$libinit$$00000013) for __rt_lib_init_lc_monetary_1
    libinit.o(.ARM.Collect$$libinit$$00000000) refers (Special) to libinit2.o(.ARM.Collect$$libinit$$00000015) for __rt_lib_init_lc_numeric_1
    libinit.o(.ARM.Collect$$libinit$$00000000) refers (Special) to libinit2.o(.ARM.Collect$$libinit$$00000017) for __rt_lib_init_lc_time_1
    libinit.o(.ARM.Collect$$libinit$$00000000) refers (Special) to libinit2.o(.ARM.Collect$$libinit$$0000000C) for __rt_lib_init_rand_1
    libinit.o(.ARM.Collect$$libinit$$00000000) refers (Special) to libinit2.o(.ARM.Collect$$libinit$$00000031) for __rt_lib_init_return
    libinit.o(.ARM.Collect$$libinit$$00000000) refers (Special) to libinit2.o(.ARM.Collect$$libinit$$0000001B) for __rt_lib_init_signal_1
    libinit.o(.ARM.Collect$$libinit$$00000000) refers (Special) to libinit2.o(.ARM.Collect$$libinit$$00000023) for __rt_lib_init_stdio_1
    libinit.o(.ARM.Collect$$libinit$$00000000) refers (Special) to libinit2.o(.ARM.Collect$$libinit$$0000000A) for __rt_lib_init_user_alloc_1
    libspace.o(.text) refers to libspace.o(.bss) for __libspace_start
    rtexit.o(.ARM.Collect$$rtexit$$00000000) refers (Special) to rtexit2.o(.ARM.Collect$$rtexit$$00000004) for __rt_exit_exit
    rtexit.o(.ARM.Collect$$rtexit$$00000000) refers (Special) to rtexit2.o(.ARM.Collect$$rtexit$$00000003) for __rt_exit_ls
    rtexit.o(.ARM.Collect$$rtexit$$00000000) refers (Special) to rtexit2.o(.ARM.Collect$$rtexit$$00000002) for __rt_exit_prels_1
    rtexit.o(.ARM.exidx) refers (Special) to rtexit2.o(.ARM.Collect$$rtexit$$00000004) for __rt_exit_exit
    rtexit.o(.ARM.exidx) refers (Special) to rtexit2.o(.ARM.Collect$$rtexit$$00000003) for __rt_exit_ls
    rtexit.o(.ARM.exidx) refers (Special) to rtexit2.o(.ARM.Collect$$rtexit$$00000002) for __rt_exit_prels_1
    rtexit.o(.ARM.exidx) refers to rtexit.o(.ARM.Collect$$rtexit$$00000000) for .ARM.Collect$$rtexit$$00000000
    libinit2.o(.ARM.Collect$$libinit$$00000001) refers to fpinit.o(x$fpl$fpinit) for _fp_init
    libinit2.o(.ARM.Collect$$libinit$$0000000E) refers to libinit2.o(.ARM.Collect$$libinit$$0000000D) for .ARM.Collect$$libinit$$0000000D
    libinit2.o(.ARM.Collect$$libinit$$00000010) refers to libinit2.o(.ARM.Collect$$libinit$$0000000D) for .ARM.Collect$$libinit$$0000000D
    libinit2.o(.ARM.Collect$$libinit$$00000012) refers to libinit2.o(.ARM.Collect$$libinit$$0000000D) for .ARM.Collect$$libinit$$0000000D
    libinit2.o(.ARM.Collect$$libinit$$00000014) refers to libinit2.o(.ARM.Collect$$libinit$$0000000D) for .ARM.Collect$$libinit$$0000000D
    libinit2.o(.ARM.Collect$$libinit$$00000016) refers to libinit2.o(.ARM.Collect$$libinit$$0000000D) for .ARM.Collect$$libinit$$0000000D
    libinit2.o(.ARM.Collect$$libinit$$00000024) refers to argv_veneer.o(.emb_text) for __ARM_argv_veneer
    libinit2.o(.ARM.Collect$$libinit$$00000025) refers to argv_veneer.o(.emb_text) for __ARM_argv_veneer
    rtexit2.o(.ARM.Collect$$rtexit$$00000003) refers to libshutdown.o(.ARM.Collect$$libshutdown$$00000000) for __rt_lib_shutdown
    rtexit2.o(.ARM.Collect$$rtexit$$00000004) refers to retarget.o(i._sys_exit) for _sys_exit
    rtexit2.o(.ARM.exidx) refers to rtexit2.o(.ARM.Collect$$rtexit$$00000001) for .ARM.Collect$$rtexit$$00000001
    rtexit2.o(.ARM.exidx) refers to rtexit2.o(.ARM.Collect$$rtexit$$00000003) for .ARM.Collect$$rtexit$$00000003
    rtexit2.o(.ARM.exidx) refers to rtexit2.o(.ARM.Collect$$rtexit$$00000004) for .ARM.Collect$$rtexit$$00000004
    argv_veneer.o(.emb_text) refers to no_argv.o(.text) for __ARM_get_argv
    _get_argv_nomalloc.o(.text) refers (Special) to hrguard.o(.text) for __heap_region$guard
    _get_argv_nomalloc.o(.text) refers to defsig_rtmem_outer.o(.text) for __rt_SIGRTMEM
    _get_argv_nomalloc.o(.text) refers to sys_command.o(.text) for _sys_command_string
    libshutdown.o(.ARM.Collect$$libshutdown$$00000000) refers (Special) to libshutdown2.o(.ARM.Collect$$libshutdown$$00000006) for __rt_lib_shutdown_fp_trap_1
    libshutdown.o(.ARM.Collect$$libshutdown$$00000000) refers (Special) to libshutdown2.o(.ARM.Collect$$libshutdown$$0000000E) for __rt_lib_shutdown_heap_1
    libshutdown.o(.ARM.Collect$$libshutdown$$00000000) refers (Special) to libshutdown2.o(.ARM.Collect$$libshutdown$$0000000F) for __rt_lib_shutdown_return
    libshutdown.o(.ARM.Collect$$libshutdown$$00000000) refers (Special) to libshutdown2.o(.ARM.Collect$$libshutdown$$00000009) for __rt_lib_shutdown_signal_1
    libshutdown.o(.ARM.Collect$$libshutdown$$00000000) refers (Special) to libshutdown2.o(.ARM.Collect$$libshutdown$$00000003) for __rt_lib_shutdown_stdio_1
    libshutdown.o(.ARM.Collect$$libshutdown$$00000000) refers (Special) to libshutdown2.o(.ARM.Collect$$libshutdown$$0000000B) for __rt_lib_shutdown_user_alloc_1
    sys_command.o(.text) refers (Special) to use_no_semi.o(.text) for __I$use$semihosting
    sys_command.o(.text) refers (Special) to indicate_semi.o(.text) for __semihosting_library_function
    defsig_rtmem_outer.o(.text) refers to defsig_rtmem_inner.o(.text) for __rt_SIGRTMEM_inner
    defsig_rtmem_outer.o(.text) refers to defsig_exit.o(.text) for __sig_exit
    defsig_rtmem_formal.o(.text) refers to rt_raise.o(.text) for __rt_raise
    rt_raise.o(.text) refers to __raise.o(.text) for __raise
    rt_raise.o(.text) refers to retarget.o(i._sys_exit) for _sys_exit
    defsig_exit.o(.text) refers to retarget.o(i._sys_exit) for _sys_exit
    defsig_rtmem_inner.o(.text) refers to defsig_general.o(.text) for __default_signal_display
    __raise.o(.text) refers to defsig.o(CL$$defsig) for __default_signal_handler
    defsig_general.o(.text) refers to retarget.o(i._ttywrch) for _ttywrch
    defsig.o(CL$$defsig) refers to defsig_rtmem_inner.o(.text) for __rt_SIGRTMEM_inner
    defsig_abrt_inner.o(.text) refers to defsig_general.o(.text) for __default_signal_display
    defsig_fpe_inner.o(.text) refers to defsig_general.o(.text) for __default_signal_display
    defsig_rtred_inner.o(.text) refers to defsig_general.o(.text) for __default_signal_display
    defsig_stak_inner.o(.text) refers to defsig_general.o(.text) for __default_signal_display
    defsig_pvfn_inner.o(.text) refers to defsig_general.o(.text) for __default_signal_display
    defsig_cppl_inner.o(.text) refers to defsig_general.o(.text) for __default_signal_display
    defsig_segv_inner.o(.text) refers to defsig_general.o(.text) for __default_signal_display
    defsig_other.o(.text) refers to defsig_general.o(.text) for __default_signal_display


==============================================================================

Removing Unused input sections from the image.

    Removing templatefsm.o(i.InitTemplateFSM), (32 bytes).
    Removing templatefsm.o(i.PostTemplateFSM), (16 bytes).
    Removing templatefsm.o(i.QueryTemplateFSM), (12 bytes).
    Removing templatefsm.o(i.RunTemplateFSM), (44 bytes).
    Removing templatefsm.o(.data), (2 bytes).
    Removing es_framework.o(i.ES_PostAll), (72 bytes).
    Removing es_port.o(i.ConsoleInit), (80 bytes).
    Removing es_port.o(i._HW_GetTickCount), (12 bytes).
    Removing es_queue.o(i.ES_IsQueueEmpty), (12 bytes).
    Removing es_timers.o(i.ES_Timer_GetTime), (4 bytes).
    Removing es_timers.o(i.ES_Timer_SetTimer), (40 bytes).
    Removing es_timers.o(i.ES_Timer_StartTimer), (48 bytes).
    Removing es_timers.o(i.ES_Timer_StopTimer), (36 bytes).
    Removing retarget.o(i._ttywrch), (6 bytes).
    Removing uartstdio.o(i.UARTgets), (132 bytes).
    Removing uartstdio.o(i.UARTprintf), (18 bytes).
    Removing uartstdio.o(i.UARTvprintf), (436 bytes).
    Removing uartstdio.o(i.UARTwrite), (60 bytes).
    Removing gpio.o(i.GPIOADCTriggerDisable), (14 bytes).
    Removing gpio.o(i.GPIOADCTriggerEnable), (14 bytes).
    Removing gpio.o(i.GPIODMATriggerDisable), (14 bytes).
    Removing gpio.o(i.GPIODMATriggerEnable), (14 bytes).
    Removing gpio.o(i.GPIODirModeGet), (34 bytes).
    Removing gpio.o(i.GPIOIntClear), (6 bytes).
    Removing gpio.o(i.GPIOIntDisable), (14 bytes).
    Removing gpio.o(i.GPIOIntEnable), (14 bytes).
    Removing gpio.o(i.GPIOIntRegister), (88 bytes).
    Removing gpio.o(i.GPIOIntStatus), (14 bytes).
    Removing gpio.o(i.GPIOIntTypeGet), (68 bytes).
    Removing gpio.o(i.GPIOIntTypeSet), (80 bytes).
    Removing gpio.o(i.GPIOIntUnregister), (88 bytes).
    Removing gpio.o(i.GPIOPadConfigGet), (204 bytes).
    Removing gpio.o(i.GPIOPinRead), (6 bytes).
    Removing gpio.o(i.GPIOPinTypeADC), (28 bytes).
    Removing gpio.o(i.GPIOPinTypeCAN), (28 bytes).
    Removing gpio.o(i.GPIOPinTypeCIR), (28 bytes).
    Removing gpio.o(i.GPIOPinTypeComparator), (28 bytes).
    Removing gpio.o(i.GPIOPinTypeEPI), (28 bytes).
    Removing gpio.o(i.GPIOPinTypeEthernetLED), (28 bytes).
    Removing gpio.o(i.GPIOPinTypeEthernetMII), (28 bytes).
    Removing gpio.o(i.GPIOPinTypeGPIOOutput), (28 bytes).
    Removing gpio.o(i.GPIOPinTypeGPIOOutputOD), (28 bytes).
    Removing gpio.o(i.GPIOPinTypeI2C), (28 bytes).
    Removing gpio.o(i.GPIOPinTypeI2CSCL), (28 bytes).
    Removing gpio.o(i.GPIOPinTypeKBColumn), (28 bytes).
    Removing gpio.o(i.GPIOPinTypeKBRow), (28 bytes).
    Removing gpio.o(i.GPIOPinTypeLCD), (28 bytes).
    Removing gpio.o(i.GPIOPinTypeLEDSeq), (28 bytes).
    Removing gpio.o(i.GPIOPinTypeLPC), (28 bytes).
    Removing gpio.o(i.GPIOPinTypePECIRx), (28 bytes).
    Removing gpio.o(i.GPIOPinTypePECITx), (28 bytes).
    Removing gpio.o(i.GPIOPinTypePWM), (28 bytes).
    Removing gpio.o(i.GPIOPinTypeQEI), (28 bytes).
    Removing gpio.o(i.GPIOPinTypeSSI), (28 bytes).
    Removing gpio.o(i.GPIOPinTypeTimer), (28 bytes).
    Removing gpio.o(i.GPIOPinTypeUSBAnalog), (28 bytes).
    Removing gpio.o(i.GPIOPinTypeUSBDigital), (28 bytes).
    Removing gpio.o(i.GPIOPinTypeWakeHigh), (30 bytes).
    Removing gpio.o(i.GPIOPinTypeWakeLow), (30 bytes).
    Removing gpio.o(i.GPIOPinWakeStatus), (6 bytes).
    Removing gpio.o(i.GPIOPinWrite), (6 bytes).
    Removing interrupt.o(i.IntDisable), (100 bytes).
    Removing interrupt.o(i.IntIsEnabled), (96 bytes).
    Removing interrupt.o(i.IntMasterDisable), (14 bytes).
    Removing interrupt.o(i.IntPendClear), (68 bytes).
    Removing interrupt.o(i.IntPendSet), (84 bytes).
    Removing interrupt.o(i.IntPriorityGet), (28 bytes).
    Removing interrupt.o(i.IntPriorityGroupingGet), (36 bytes).
    Removing interrupt.o(i.IntPriorityGroupingSet), (28 bytes).
    Removing interrupt.o(i.IntPriorityMaskGet), (4 bytes).
    Removing interrupt.o(i.IntPriorityMaskSet), (4 bytes).
    Removing interrupt.o(i.IntPrioritySet), (40 bytes).
    Removing interrupt.o(i.IntRegister), (52 bytes).
    Removing interrupt.o(i.IntTrigger), (12 bytes).
    Removing interrupt.o(i.IntUnregister), (20 bytes).
    Removing interrupt.o(i._IntDefaultHandler), (2 bytes).
    Removing interrupt.o(vtable), (620 bytes).
    Removing sysctl.o(i.SysCtlAltClkConfig), (12 bytes).
    Removing sysctl.o(i.SysCtlClockFreqSet), (712 bytes).
    Removing sysctl.o(i.SysCtlClockGet), (356 bytes).
    Removing sysctl.o(i.SysCtlClockOutConfig), (16 bytes).
    Removing sysctl.o(i.SysCtlDeepSleep), (32 bytes).
    Removing sysctl.o(i.SysCtlDeepSleepClockConfigSet), (112 bytes).
    Removing sysctl.o(i.SysCtlDeepSleepClockSet), (12 bytes).
    Removing sysctl.o(i.SysCtlDeepSleepPowerSet), (12 bytes).
    Removing sysctl.o(i.SysCtlFlashSectorSizeGet), (56 bytes).
    Removing sysctl.o(i.SysCtlFlashSizeGet), (56 bytes).
    Removing sysctl.o(i.SysCtlGPIOAHBDisable), (28 bytes).
    Removing sysctl.o(i.SysCtlGPIOAHBEnable), (24 bytes).
    Removing sysctl.o(i.SysCtlIntClear), (12 bytes).
    Removing sysctl.o(i.SysCtlIntDisable), (16 bytes).
    Removing sysctl.o(i.SysCtlIntEnable), (16 bytes).
    Removing sysctl.o(i.SysCtlIntRegister), (20 bytes).
    Removing sysctl.o(i.SysCtlIntStatus), (16 bytes).
    Removing sysctl.o(i.SysCtlIntUnregister), (18 bytes).
    Removing sysctl.o(i.SysCtlLDODeepSleepGet), (12 bytes).
    Removing sysctl.o(i.SysCtlLDODeepSleepSet), (12 bytes).
    Removing sysctl.o(i.SysCtlLDOSleepGet), (12 bytes).
    Removing sysctl.o(i.SysCtlLDOSleepSet), (12 bytes).
    Removing sysctl.o(i.SysCtlMOSCConfigSet), (12 bytes).
    Removing sysctl.o(i.SysCtlNMIClear), (16 bytes).
    Removing sysctl.o(i.SysCtlNMIStatus), (12 bytes).
    Removing sysctl.o(i.SysCtlPIOSCCalibrate), (76 bytes).
    Removing sysctl.o(i.SysCtlPWMClockGet), (24 bytes).
    Removing sysctl.o(i.SysCtlPWMClockSet), (20 bytes).
    Removing sysctl.o(i.SysCtlPeripheralClockGating), (68 bytes).
    Removing sysctl.o(i.SysCtlPeripheralDeepSleepDisable), (40 bytes).
    Removing sysctl.o(i.SysCtlPeripheralDeepSleepEnable), (40 bytes).
    Removing sysctl.o(i.SysCtlPeripheralDisable), (40 bytes).
    Removing sysctl.o(i.SysCtlPeripheralPowerOff), (40 bytes).
    Removing sysctl.o(i.SysCtlPeripheralPowerOn), (40 bytes).
    Removing sysctl.o(i.SysCtlPeripheralPresent), (44 bytes).
    Removing sysctl.o(i.SysCtlPeripheralReady), (44 bytes).
    Removing sysctl.o(i.SysCtlPeripheralReset), (60 bytes).
    Removing sysctl.o(i.SysCtlPeripheralSleepDisable), (40 bytes).
    Removing sysctl.o(i.SysCtlPeripheralSleepEnable), (40 bytes).
    Removing sysctl.o(i.SysCtlReset), (16 bytes).
    Removing sysctl.o(i.SysCtlResetBehaviorGet), (12 bytes).
    Removing sysctl.o(i.SysCtlResetBehaviorSet), (12 bytes).
    Removing sysctl.o(i.SysCtlResetCauseClear), (16 bytes).
    Removing sysctl.o(i.SysCtlResetCauseGet), (12 bytes).
    Removing sysctl.o(i.SysCtlSRAMSizeGet), (16 bytes).
    Removing sysctl.o(i.SysCtlSleep), (4 bytes).
    Removing sysctl.o(i.SysCtlSleepPowerSet), (12 bytes).
    Removing sysctl.o(i.SysCtlUSBPLLDisable), (16 bytes).
    Removing sysctl.o(i.SysCtlUSBPLLEnable), (16 bytes).
    Removing sysctl.o(i.SysCtlVoltageEventClear), (16 bytes).
    Removing sysctl.o(i.SysCtlVoltageEventConfig), (12 bytes).
    Removing sysctl.o(i.SysCtlVoltageEventStatus), (12 bytes).
    Removing sysctl.o(.constdata), (452 bytes).
    Removing systick.o(i.SysTickDisable), (14 bytes).
    Removing systick.o(i.SysTickIntDisable), (14 bytes).
    Removing systick.o(i.SysTickIntRegister), (24 bytes).
    Removing systick.o(i.SysTickIntUnregister), (18 bytes).
    Removing systick.o(i.SysTickPeriodGet), (10 bytes).
    Removing systick.o(i.SysTickValueGet), (8 bytes).
    Removing timer.o(i.TimerADCEventGet), (4 bytes).
    Removing timer.o(i.TimerADCEventSet), (4 bytes).
    Removing timer.o(i.TimerClockSourceGet), (6 bytes).
    Removing timer.o(i.TimerClockSourceSet), (6 bytes).
    Removing timer.o(i.TimerControlEvent), (18 bytes).
    Removing timer.o(i.TimerControlLevel), (22 bytes).
    Removing timer.o(i.TimerControlStall), (22 bytes).
    Removing timer.o(i.TimerControlTrigger), (76 bytes).
    Removing timer.o(i.TimerControlWaitOnTrigger), (48 bytes).
    Removing timer.o(i.TimerDMAEventGet), (4 bytes).
    Removing timer.o(i.TimerDMAEventSet), (4 bytes).
    Removing timer.o(i.TimerDisable), (16 bytes).
    Removing timer.o(i.TimerIntDisable), (10 bytes).
    Removing timer.o(i.TimerIntRegister), (104 bytes).
    Removing timer.o(i.TimerIntStatus), (10 bytes).
    Removing timer.o(i.TimerIntUnregister), (104 bytes).
    Removing timer.o(i.TimerLoadGet), (10 bytes).
    Removing timer.o(i.TimerLoadGet64), (14 bytes).
    Removing timer.o(i.TimerLoadSet64), (6 bytes).
    Removing timer.o(i.TimerMatchGet), (10 bytes).
    Removing timer.o(i.TimerMatchGet64), (14 bytes).
    Removing timer.o(i.TimerMatchSet), (18 bytes).
    Removing timer.o(i.TimerMatchSet64), (6 bytes).
    Removing timer.o(i.TimerPrescaleGet), (10 bytes).
    Removing timer.o(i.TimerPrescaleMatchGet), (10 bytes).
    Removing timer.o(i.TimerPrescaleMatchSet), (18 bytes).
    Removing timer.o(i.TimerRTCDisable), (10 bytes).
    Removing timer.o(i.TimerRTCEnable), (10 bytes).
    Removing timer.o(i.TimerSynchronize), (4 bytes).
    Removing timer.o(i.TimerUpdateMode), (42 bytes).
    Removing timer.o(i.TimerValueGet), (10 bytes).
    Removing timer.o(i.TimerValueGet64), (14 bytes).
    Removing timer.o(.constdata), (160 bytes).
    Removing uart.o(i.UART9BitAddrSend), (38 bytes).
    Removing uart.o(i.UART9BitAddrSet), (10 bytes).
    Removing uart.o(i.UART9BitDisable), (14 bytes).
    Removing uart.o(i.UART9BitEnable), (14 bytes).
    Removing uart.o(i.UARTBreakCtl), (18 bytes).
    Removing uart.o(i.UARTBusy), (8 bytes).
    Removing uart.o(i.UARTCharGet), (12 bytes).
    Removing uart.o(i.UARTCharGetNonBlocking), (16 bytes).
    Removing uart.o(i.UARTCharPutNonBlocking), (16 bytes).
    Removing uart.o(i.UARTCharsAvail), (10 bytes).
    Removing uart.o(i.UARTClockSourceGet), (6 bytes).
    Removing uart.o(i.UARTConfigGetExpClk), (46 bytes).
    Removing uart.o(i.UARTConfigSetExpClk), (110 bytes).
    Removing uart.o(i.UARTDMADisable), (10 bytes).
    Removing uart.o(i.UARTDMAEnable), (8 bytes).
    Removing uart.o(i.UARTDisable), (30 bytes).
    Removing uart.o(i.UARTDisableSIR), (10 bytes).
    Removing uart.o(i.UARTEnable), (20 bytes).
    Removing uart.o(i.UARTEnableSIR), (18 bytes).
    Removing uart.o(i.UARTFIFODisable), (10 bytes).
    Removing uart.o(i.UARTFIFOEnable), (10 bytes).
    Removing uart.o(i.UARTFIFOLevelGet), (16 bytes).
    Removing uart.o(i.UARTFIFOLevelSet), (6 bytes).
    Removing uart.o(i.UARTFlowControlGet), (8 bytes).
    Removing uart.o(i.UARTFlowControlSet), (12 bytes).
    Removing uart.o(i.UARTIntClear), (4 bytes).
    Removing uart.o(i.UARTIntDisable), (10 bytes).
    Removing uart.o(i.UARTIntEnable), (8 bytes).
    Removing uart.o(i.UARTIntRegister), (88 bytes).
    Removing uart.o(i.UARTIntStatus), (10 bytes).
    Removing uart.o(i.UARTIntUnregister), (88 bytes).
    Removing uart.o(i.UARTModemControlClear), (14 bytes).
    Removing uart.o(i.UARTModemControlGet), (8 bytes).
    Removing uart.o(i.UARTModemControlSet), (12 bytes).
    Removing uart.o(i.UARTModemStatusGet), (10 bytes).
    Removing uart.o(i.UARTParityModeGet), (8 bytes).
    Removing uart.o(i.UARTParityModeSet), (12 bytes).
    Removing uart.o(i.UARTRxErrorClear), (6 bytes).
    Removing uart.o(i.UARTRxErrorGet), (8 bytes).
    Removing uart.o(i.UARTSmartCardDisable), (10 bytes).
    Removing uart.o(i.UARTSmartCardEnable), (22 bytes).
    Removing uart.o(i.UARTSpaceAvail), (10 bytes).
    Removing uart.o(i.UARTTxIntModeGet), (8 bytes).
    Removing uart.o(i.UARTTxIntModeSet), (12 bytes).
    Removing uart.o(.constdata), (128 bytes).

214 unused section(s) (total 8404 bytes) removed from the image.

==============================================================================

Image Symbol Table

    Local Symbols

    Symbol Name                              Value     Ov Type        Size  Object(Section)

    RESET                                    0x00000000   Section      648  startup_rvmdk.o(RESET)
    ../clib/angel/boardlib.s                 0x00000000   Number         0  boardinit2.o ABSOLUTE
    ../clib/angel/boardlib.s                 0x00000000   Number         0  boardinit3.o ABSOLUTE
    ../clib/angel/boardlib.s                 0x00000000   Number         0  boardinit1.o ABSOLUTE
    ../clib/angel/boardlib.s                 0x00000000   Number         0  boardshut.o ABSOLUTE
    ../clib/angel/handlers.s                 0x00000000   Number         0  __scatter_zi.o ABSOLUTE
    ../clib/angel/handlers.s                 0x00000000   Number         0  __scatter_copy.o ABSOLUTE
    ../clib/angel/kernel.s                   0x00000000   Number         0  rtentry4.o ABSOLUTE
    ../clib/angel/kernel.s                   0x00000000   Number         0  rtentry2.o ABSOLUTE
    ../clib/angel/kernel.s                   0x00000000   Number         0  rtexit.o ABSOLUTE
    ../clib/angel/kernel.s                   0x00000000   Number         0  rtentry.o ABSOLUTE
    ../clib/angel/kernel.s                   0x00000000   Number         0  rtexit2.o ABSOLUTE
    ../clib/angel/rt.s                       0x00000000   Number         0  rt_raise.o ABSOLUTE
    ../clib/angel/scatter.s                  0x00000000   Number         0  __scatter.o ABSOLUTE
    ../clib/angel/startup.s                  0x00000000   Number         0  __main.o ABSOLUTE
    ../clib/angel/sys.s                      0x00000000   Number         0  sys_stackheap_outer.o ABSOLUTE
    ../clib/angel/sys.s                      0x00000000   Number         0  use_no_semi.o ABSOLUTE
    ../clib/angel/sys.s                      0x00000000   Number         0  libspace.o ABSOLUTE
    ../clib/angel/sys.s                      0x00000000   Number         0  indicate_semi.o ABSOLUTE
    ../clib/angel/sysapp.c                   0x00000000   Number         0  sys_command.o ABSOLUTE
    ../clib/armsys.c                         0x00000000   Number         0  argv_veneer.o ABSOLUTE
    ../clib/armsys.c                         0x00000000   Number         0  _get_argv_nomalloc.o ABSOLUTE
    ../clib/armsys.c                         0x00000000   Number         0  no_argv.o ABSOLUTE
    ../clib/armsys.c                         0x00000000   Number         0  argv_veneer.o ABSOLUTE
    ../clib/heapalloc.c                      0x00000000   Number         0  hrguard.o ABSOLUTE
    ../clib/heapaux.c                        0x00000000   Number         0  heapauxi.o ABSOLUTE
    ../clib/libinit.s                        0x00000000   Number         0  libinit.o ABSOLUTE
    ../clib/libinit.s                        0x00000000   Number         0  libshutdown.o ABSOLUTE
    ../clib/libinit.s                        0x00000000   Number         0  libinit2.o ABSOLUTE
    ../clib/libinit.s                        0x00000000   Number         0  libshutdown2.o ABSOLUTE
    ../clib/printf.c                         0x00000000   Number         0  _printf_char_file.o ABSOLUTE
    ../clib/printf.c                         0x00000000   Number         0  __printf_ss_wp.o ABSOLUTE
    ../clib/printf.c                         0x00000000   Number         0  _printf_char.o ABSOLUTE
    ../clib/printf.c                         0x00000000   Number         0  __printf_flags_wp.o ABSOLUTE
    ../clib/printf.c                         0x00000000   Number         0  _printf_intcommon.o ABSOLUTE
    ../clib/printf.c                         0x00000000   Number         0  __printf_flags_ss.o ABSOLUTE
    ../clib/printf.c                         0x00000000   Number         0  __printf_nopercent.o ABSOLUTE
    ../clib/printf.c                         0x00000000   Number         0  __printf_ss.o ABSOLUTE
    ../clib/printf.c                         0x00000000   Number         0  __printf_flags_ss_wp.o ABSOLUTE
    ../clib/printf.c                         0x00000000   Number         0  __printf_flags.o ABSOLUTE
    ../clib/printf.c                         0x00000000   Number         0  __printf_wp.o ABSOLUTE
    ../clib/printf.c                         0x00000000   Number         0  _printf_str.o ABSOLUTE
    ../clib/printf.c                         0x00000000   Number         0  __printf.o ABSOLUTE
    ../clib/printf.c                         0x00000000   Number         0  _printf_char_common.o ABSOLUTE
    ../clib/printf.c                         0x00000000   Number         0  noretval__2printf.o ABSOLUTE
    ../clib/printf.c                         0x00000000   Number         0  __2printf.o ABSOLUTE
    ../clib/printf.c                         0x00000000   Number         0  _printf_dec.o ABSOLUTE
    ../clib/printf_percent.s                 0x00000000   Number         0  _printf_c.o ABSOLUTE
    ../clib/printf_percent.s                 0x00000000   Number         0  _printf_percent_end.o ABSOLUTE
    ../clib/printf_percent.s                 0x00000000   Number         0  _printf_percent.o ABSOLUTE
    ../clib/printf_percent.s                 0x00000000   Number         0  _printf_d.o ABSOLUTE
    ../clib/printf_percent.s                 0x00000000   Number         0  _printf_s.o ABSOLUTE
    ../clib/signal.c                         0x00000000   Number         0  defsig_rtmem_inner.o ABSOLUTE
    ../clib/signal.c                         0x00000000   Number         0  defsig_other.o ABSOLUTE
    ../clib/signal.c                         0x00000000   Number         0  defsig_segv_inner.o ABSOLUTE
    ../clib/signal.c                         0x00000000   Number         0  defsig_cppl_inner.o ABSOLUTE
    ../clib/signal.c                         0x00000000   Number         0  defsig_pvfn_inner.o ABSOLUTE
    ../clib/signal.c                         0x00000000   Number         0  defsig_stak_inner.o ABSOLUTE
    ../clib/signal.c                         0x00000000   Number         0  defsig_rtred_inner.o ABSOLUTE
    ../clib/signal.c                         0x00000000   Number         0  defsig_fpe_inner.o ABSOLUTE
    ../clib/signal.c                         0x00000000   Number         0  defsig_abrt_inner.o ABSOLUTE
    ../clib/signal.c                         0x00000000   Number         0  defsig_general.o ABSOLUTE
    ../clib/signal.c                         0x00000000   Number         0  __raise.o ABSOLUTE
    ../clib/signal.c                         0x00000000   Number         0  defsig_exit.o ABSOLUTE
    ../clib/signal.c                         0x00000000   Number         0  defsig_rtmem_formal.o ABSOLUTE
    ../clib/signal.c                         0x00000000   Number         0  defsig_rtmem_outer.o ABSOLUTE
    ../clib/signal.s                         0x00000000   Number         0  defsig.o ABSOLUTE
    ../clib/stdio.c                          0x00000000   Number         0  getc.o ABSOLUTE
    ../clib/stdio.c                          0x00000000   Number         0  puts.o ABSOLUTE
    ../clib/stdlib.c                         0x00000000   Number         0  exit.o ABSOLUTE
    ../fplib/fpinit.s                        0x00000000   Number         0  fpinit.o ABSOLUTE
    Source\ES_CheckEvents.c                  0x00000000   Number         0  es_checkevents.o ABSOLUTE
    Source\ES_DeferRecall.c                  0x00000000   Number         0  es_deferrecall.o ABSOLUTE
    Source\ES_Framework.c                    0x00000000   Number         0  es_framework.o ABSOLUTE
    Source\ES_LookupTables.c                 0x00000000   Number         0  es_lookuptables.o ABSOLUTE
    Source\ES_Port.c                         0x00000000   Number         0  es_port.o ABSOLUTE
    Source\ES_PostList.c                     0x00000000   Number         0  es_postlist.o ABSOLUTE
    Source\ES_Queue.c                        0x00000000   Number         0  es_queue.o ABSOLUTE
    Source\ES_ShortTimer.c                   0x00000000   Number         0  es_shorttimer.o ABSOLUTE
    Source\ES_Timers.c                       0x00000000   Number         0  es_timers.o ABSOLUTE
    Source\EnablePA25_PB23_PD7_PF0.c         0x00000000   Number         0  enablepa25_pb23_pd7_pf0.o ABSOLUTE
    Source\EventCheckers.c                   0x00000000   Number         0  eventcheckers.o ABSOLUTE
    Source\TemplateFSM.c                     0x00000000   Number         0  templatefsm.o ABSOLUTE
    Source\TestHarnessService0.c             0x00000000   Number         0  testharnessservice0.o ABSOLUTE
    Source\main.c                            0x00000000   Number         0  main.o ABSOLUTE
    Source\retarget.c                        0x00000000   Number         0  retarget.o ABSOLUTE
    Source\termio.c                          0x00000000   Number         0  termio.o ABSOLUTE
    Source\uartstdio.c                       0x00000000   Number         0  uartstdio.o ABSOLUTE
    StartUp\startup_rvmdk.S                  0x00000000   Number         0  startup_rvmdk.o ABSOLUTE
    cpu.c                                    0x00000000   Number         0  cpu.o ABSOLUTE
    cpu.c                                    0x00000000   Number         0  cpu.o ABSOLUTE
    dc.s                                     0x00000000   Number         0  dc.o ABSOLUTE
    gpio.c                                   0x00000000   Number         0  gpio.o ABSOLUTE
    interrupt.c                              0x00000000   Number         0  interrupt.o ABSOLUTE
    sysctl.c                                 0x00000000   Number         0  sysctl.o ABSOLUTE
    sysctl.c                                 0x00000000   Number         0  sysctl.o ABSOLUTE
    systick.c                                0x00000000   Number         0  systick.o ABSOLUTE
    timer.c                                  0x00000000   Number         0  timer.o ABSOLUTE
    uart.c                                   0x00000000   Number         0  uart.o ABSOLUTE
    $v0                                      0x0000026c   Number         0  startup_rvmdk.o(RESET)
    NmiSR                                    0x00000281   Thumb Code     0  startup_rvmdk.o(RESET)
    FaultISR                                 0x00000283   Thumb Code     0  startup_rvmdk.o(RESET)
    IntDefaultHandler                        0x00000285   Thumb Code     0  startup_rvmdk.o(RESET)
    !!!main                                  0x00000288   Section        8  __main.o(!!!main)
    !!!scatter                               0x00000290   Section       52  __scatter.o(!!!scatter)
    !!handler_copy                           0x000002c4   Section       26  __scatter_copy.o(!!handler_copy)
    !!handler_zi                             0x000002e0   Section       28  __scatter_zi.o(!!handler_zi)
    .ARM.Collect$$_printf_percent$$00000000  0x000002fc   Section        0  _printf_percent.o(.ARM.Collect$$_printf_percent$$00000000)
    .ARM.Collect$$_printf_percent$$00000009  0x000002fc   Section        6  _printf_d.o(.ARM.Collect$$_printf_percent$$00000009)
    .ARM.Collect$$_printf_percent$$00000013  0x00000302   Section        6  _printf_c.o(.ARM.Collect$$_printf_percent$$00000013)
    .ARM.Collect$$_printf_percent$$00000014  0x00000308   Section        6  _printf_s.o(.ARM.Collect$$_printf_percent$$00000014)
    .ARM.Collect$$_printf_percent$$00000017  0x0000030e   Section        4  _printf_percent_end.o(.ARM.Collect$$_printf_percent$$00000017)
    .ARM.Collect$$libinit$$00000000          0x00000312   Section        2  libinit.o(.ARM.Collect$$libinit$$00000000)
    .ARM.Collect$$libinit$$00000001          0x00000314   Section        4  libinit2.o(.ARM.Collect$$libinit$$00000001)
    .ARM.Collect$$libinit$$00000008          0x00000318   Section        0  libinit2.o(.ARM.Collect$$libinit$$00000008)
    .ARM.Collect$$libinit$$0000000A          0x00000318   Section        0  libinit2.o(.ARM.Collect$$libinit$$0000000A)
    .ARM.Collect$$libinit$$0000000C          0x00000318   Section        0  libinit2.o(.ARM.Collect$$libinit$$0000000C)
    .ARM.Collect$$libinit$$0000000F          0x00000318   Section        0  libinit2.o(.ARM.Collect$$libinit$$0000000F)
    .ARM.Collect$$libinit$$00000011          0x00000318   Section        0  libinit2.o(.ARM.Collect$$libinit$$00000011)
    .ARM.Collect$$libinit$$00000013          0x00000318   Section        0  libinit2.o(.ARM.Collect$$libinit$$00000013)
    .ARM.Collect$$libinit$$00000015          0x00000318   Section        0  libinit2.o(.ARM.Collect$$libinit$$00000015)
    .ARM.Collect$$libinit$$00000017          0x00000318   Section        0  libinit2.o(.ARM.Collect$$libinit$$00000017)
    .ARM.Collect$$libinit$$00000019          0x00000318   Section        0  libinit2.o(.ARM.Collect$$libinit$$00000019)
    .ARM.Collect$$libinit$$0000001B          0x00000318   Section        0  libinit2.o(.ARM.Collect$$libinit$$0000001B)
    .ARM.Collect$$libinit$$0000001D          0x00000318   Section        0  libinit2.o(.ARM.Collect$$libinit$$0000001D)
    .ARM.Collect$$libinit$$0000001F          0x00000318   Section        0  libinit2.o(.ARM.Collect$$libinit$$0000001F)
    .ARM.Collect$$libinit$$00000021          0x00000318   Section        0  libinit2.o(.ARM.Collect$$libinit$$00000021)
    .ARM.Collect$$libinit$$00000023          0x00000318   Section        0  libinit2.o(.ARM.Collect$$libinit$$00000023)
    .ARM.Collect$$libinit$$0000002A          0x00000318   Section        0  libinit2.o(.ARM.Collect$$libinit$$0000002A)
    .ARM.Collect$$libinit$$0000002C          0x00000318   Section        0  libinit2.o(.ARM.Collect$$libinit$$0000002C)
    .ARM.Collect$$libinit$$0000002E          0x00000318   Section        0  libinit2.o(.ARM.Collect$$libinit$$0000002E)
    .ARM.Collect$$libinit$$00000030          0x00000318   Section        0  libinit2.o(.ARM.Collect$$libinit$$00000030)
    .ARM.Collect$$libinit$$00000031          0x00000318   Section        2  libinit2.o(.ARM.Collect$$libinit$$00000031)
    .ARM.Collect$$libshutdown$$00000000      0x0000031a   Section        2  libshutdown.o(.ARM.Collect$$libshutdown$$00000000)
    .ARM.Collect$$libshutdown$$00000003      0x0000031c   Section        0  libshutdown2.o(.ARM.Collect$$libshutdown$$00000003)
    .ARM.Collect$$libshutdown$$00000006      0x0000031c   Section        0  libshutdown2.o(.ARM.Collect$$libshutdown$$00000006)
    .ARM.Collect$$libshutdown$$00000009      0x0000031c   Section        0  libshutdown2.o(.ARM.Collect$$libshutdown$$00000009)
    .ARM.Collect$$libshutdown$$0000000B      0x0000031c   Section        0  libshutdown2.o(.ARM.Collect$$libshutdown$$0000000B)
    .ARM.Collect$$libshutdown$$0000000E      0x0000031c   Section        0  libshutdown2.o(.ARM.Collect$$libshutdown$$0000000E)
    .ARM.Collect$$libshutdown$$0000000F      0x0000031c   Section        2  libshutdown2.o(.ARM.Collect$$libshutdown$$0000000F)
    .ARM.Collect$$rtentry$$00000000          0x0000031e   Section        0  rtentry.o(.ARM.Collect$$rtentry$$00000000)
    .ARM.Collect$$rtentry$$00000002          0x0000031e   Section        0  rtentry2.o(.ARM.Collect$$rtentry$$00000002)
    .ARM.Collect$$rtentry$$00000004          0x0000031e   Section        6  rtentry4.o(.ARM.Collect$$rtentry$$00000004)
    .ARM.Collect$$rtentry$$00000009          0x00000324   Section        0  rtentry2.o(.ARM.Collect$$rtentry$$00000009)
    .ARM.Collect$$rtentry$$0000000A          0x00000324   Section        4  rtentry2.o(.ARM.Collect$$rtentry$$0000000A)
    .ARM.Collect$$rtentry$$0000000C          0x00000328   Section        0  rtentry2.o(.ARM.Collect$$rtentry$$0000000C)
    .ARM.Collect$$rtentry$$0000000D          0x00000328   Section        8  rtentry2.o(.ARM.Collect$$rtentry$$0000000D)
    .ARM.Collect$$rtexit$$00000000           0x00000330   Section        2  rtexit.o(.ARM.Collect$$rtexit$$00000000)
    .ARM.Collect$$rtexit$$00000002           0x00000332   Section        0  rtexit2.o(.ARM.Collect$$rtexit$$00000002)
    .ARM.Collect$$rtexit$$00000003           0x00000332   Section        4  rtexit2.o(.ARM.Collect$$rtexit$$00000003)
    .ARM.Collect$$rtexit$$00000004           0x00000336   Section        6  rtexit2.o(.ARM.Collect$$rtexit$$00000004)
    .emb_text                                0x0000033c   Section        6  sysctl.o(.emb_text)
    $v0                                      0x0000033c   Number         0  sysctl.o(.emb_text)
    .emb_text                                0x00000344   Section       38  cpu.o(.emb_text)
    $v0                                      0x00000344   Number         0  cpu.o(.emb_text)
    .text                                    0x0000036c   Section       28  startup_rvmdk.o(.text)
    $v0                                      0x0000036c   Number         0  startup_rvmdk.o(.text)
    .text                                    0x00000388   Section        2  use_no_semi.o(.text)
    .text                                    0x0000038c   Section        0  noretval__2printf.o(.text)
    .text                                    0x000003a4   Section        0  __printf.o(.text)
    .text                                    0x0000040c   Section        0  _printf_str.o(.text)
    .text                                    0x00000460   Section        0  _printf_dec.o(.text)
    .text                                    0x000004d4   Section        0  getc.o(.text)
    .text                                    0x000004d8   Section        0  puts.o(.text)
    .text                                    0x00000504   Section        0  heapauxi.o(.text)
    .text                                    0x0000050a   Section        0  _printf_intcommon.o(.text)
    .text                                    0x000005bc   Section        0  _printf_char.o(.text)
    .text                                    0x000005e8   Section        0  _printf_char_file.o(.text)
    .text                                    0x0000060c   Section        0  _printf_char_common.o(.text)
    _printf_input_char                       0x0000060d   Thumb Code    10  _printf_char_common.o(.text)
    .text                                    0x0000063c   Section       74  sys_stackheap_outer.o(.text)
    .text                                    0x00000686   Section        0  exit.o(.text)
    .text                                    0x00000694   Section        8  libspace.o(.text)
    i.CPUgetPRIMASK_cpsid                    0x0000069c   Section        0  es_port.o(i.CPUgetPRIMASK_cpsid)
    i.CPUsetPRIMASK                          0x000006a4   Section        0  es_port.o(i.CPUsetPRIMASK)
    i.Check4Keystroke                        0x000006ac   Section        0  eventcheckers.o(i.Check4Keystroke)
    i.ES_CheckUserEvents                     0x000006e4   Section        0  es_checkevents.o(i.ES_CheckUserEvents)
    i.ES_DeQueue                             0x0000070c   Section        0  es_queue.o(i.ES_DeQueue)
    i.ES_EnQueueFIFO                         0x00000760   Section        0  es_queue.o(i.ES_EnQueueFIFO)
    i.ES_EnQueueLIFO                         0x000007a8   Section        0  es_queue.o(i.ES_EnQueueLIFO)
    i.ES_GetMSBitSet                         0x000007f0   Section        0  es_lookuptables.o(i.ES_GetMSBitSet)
    i.ES_InitQueue                           0x00000824   Section        0  es_queue.o(i.ES_InitQueue)
    i.ES_Initialize                          0x00000834   Section        0  es_framework.o(i.ES_Initialize)
    i.ES_PostList00                          0x00000884   Section        0  es_postlist.o(i.ES_PostList00)
    i.ES_PostToService                       0x000008b4   Section        0  es_framework.o(i.ES_PostToService)
    i.ES_PostToServiceLIFO                   0x000008e4   Section        0  es_framework.o(i.ES_PostToServiceLIFO)
    i.ES_RecallEvents                        0x00000914   Section        0  es_deferrecall.o(i.ES_RecallEvents)
    i.ES_Run                                 0x00000940   Section        0  es_framework.o(i.ES_Run)
    i.ES_ShortTimerInit                      0x000009b0   Section        0  es_shorttimer.o(i.ES_ShortTimerInit)
    i.ES_ShortTimerStart                     0x000009e8   Section        0  es_shorttimer.o(i.ES_ShortTimerStart)
    i.ES_Timer_Init                          0x00000a48   Section        0  es_timers.o(i.ES_Timer_Init)
    i.ES_Timer_InitTimer                     0x00000a4c   Section        0  es_timers.o(i.ES_Timer_InitTimer)
    i.ES_Timer_Tick_Resp                     0x00000a88   Section        0  es_timers.o(i.ES_Timer_Tick_Resp)
    i.GPIODirModeSet                         0x00000af4   Section        0  gpio.o(i.GPIODirModeSet)
    i.GPIOPadConfigSet                       0x00000b1c   Section        0  gpio.o(i.GPIOPadConfigSet)
    i.GPIOPinConfigure                       0x00000c58   Section        0  gpio.o(i.GPIOPinConfigure)
    i.GPIOPinTypeGPIOInput                   0x00000ca0   Section        0  gpio.o(i.GPIOPinTypeGPIOInput)
    i.GPIOPinTypeUART                        0x00000cbc   Section        0  gpio.o(i.GPIOPinTypeUART)
    i.InitTestHarnessService0                0x00000cd8   Section        0  testharnessservice0.o(i.InitTestHarnessService0)
    i.IntEnable                              0x00000d80   Section        0  interrupt.o(i.IntEnable)
    i.IntMasterEnable                        0x00000de4   Section        0  interrupt.o(i.IntMasterEnable)
    i.PortFunctionInit                       0x00000df4   Section        0  enablepa25_pb23_pd7_pf0.o(i.PortFunctionInit)
    i.PostTestHarnessService0                0x00000e94   Section        0  testharnessservice0.o(i.PostTestHarnessService0)
    i.RunTestHarnessService0                 0x00000ea4   Section        0  testharnessservice0.o(i.RunTestHarnessService0)
    i.ShortTimerAHandler                     0x000010a0   Section        0  es_shorttimer.o(i.ShortTimerAHandler)
    i.ShortTimerBHandler                     0x000010d4   Section        0  es_shorttimer.o(i.ShortTimerBHandler)
    i.SysCtlClockSet                         0x0000110c   Section        0  sysctl.o(i.SysCtlClockSet)
    i.SysCtlPeripheralEnable                 0x0000122c   Section        0  sysctl.o(i.SysCtlPeripheralEnable)
    i.SysTickEnable                          0x00001254   Section        0  systick.o(i.SysTickEnable)
    i.SysTickIntEnable                       0x00001262   Section        0  systick.o(i.SysTickIntEnable)
    i.SysTickIntHandler                      0x00001270   Section        0  es_port.o(i.SysTickIntHandler)
    i.SysTickPeriodSet                       0x00001284   Section        0  systick.o(i.SysTickPeriodSet)
    i.TERMIO_GetChar                         0x0000128e   Section        0  termio.o(i.TERMIO_GetChar)
    i.TERMIO_Init                            0x00001294   Section        0  termio.o(i.TERMIO_Init)
    i.TERMIO_PutChar                         0x000012e4   Section        0  termio.o(i.TERMIO_PutChar)
    i.TimerConfigure                         0x000012f0   Section        0  timer.o(i.TimerConfigure)
    i.TimerEnable                            0x00001350   Section        0  timer.o(i.TimerEnable)
    i.TimerIntClear                          0x0000135e   Section        0  timer.o(i.TimerIntClear)
    i.TimerIntEnable                         0x00001362   Section        0  timer.o(i.TimerIntEnable)
    i.TimerLoadSet                           0x0000136a   Section        0  timer.o(i.TimerLoadSet)
    i.TimerPrescaleSet                       0x0000137c   Section        0  timer.o(i.TimerPrescaleSet)
    i.UARTCharPut                            0x0000138e   Section        0  uart.o(i.UARTCharPut)
    i.UARTClockSourceSet                     0x0000139a   Section        0  uart.o(i.UARTClockSourceSet)
    i.UARTStdioConfig                        0x000013a0   Section        0  uartstdio.o(i.UARTStdioConfig)
    i.UARTgetc                               0x000013fc   Section        0  uartstdio.o(i.UARTgetc)
    i._HW_DebugClearLine1                    0x00001414   Section        0  es_port.o(i._HW_DebugClearLine1)
    i._HW_DebugClearLine2                    0x00001428   Section        0  es_port.o(i._HW_DebugClearLine2)
    i._HW_DebugLines_Init                    0x0000143c   Section        0  es_port.o(i._HW_DebugLines_Init)
    i._HW_DebugSetLine1                      0x00001474   Section        0  es_port.o(i._HW_DebugSetLine1)
    i._HW_DebugSetLine2                      0x00001488   Section        0  es_port.o(i._HW_DebugSetLine2)
    i._HW_Process_Pending_Ints               0x0000149c   Section        0  es_port.o(i._HW_Process_Pending_Ints)
    i._HW_Timer_Init                         0x000014bc   Section        0  es_port.o(i._HW_Timer_Init)
    i._sys_exit                              0x000014d2   Section        0  retarget.o(i._sys_exit)
    i.ferror                                 0x000014d4   Section        0  retarget.o(i.ferror)
    i.fgetc                                  0x000014da   Section        0  retarget.o(i.fgetc)
    i.fputc                                  0x000014de   Section        0  retarget.o(i.fputc)
    i.kbhit                                  0x000014ec   Section        0  termio.o(i.kbhit)
    i.main                                   0x00001500   Section        0  main.o(i.main)
    x$fpl$fpinit                             0x000016d4   Section       10  fpinit.o(x$fpl$fpinit)
    $v0                                      0x000016d4   Number         0  fpinit.o(x$fpl$fpinit)
    .constdata                               0x000016e0   Section        4  es_checkevents.o(.constdata)
    ES_EventList                             0x000016e0   Data           4  es_checkevents.o(.constdata)
    .constdata                               0x000016e4   Section       16  es_framework.o(.constdata)
    ServDescList                             0x000016e4   Data           8  es_framework.o(.constdata)
    EventQueues                              0x000016ec   Data           8  es_framework.o(.constdata)
    .constdata                               0x000016f4   Section       32  es_lookuptables.o(.constdata)
    .constdata                               0x00001714   Section       15  es_lookuptables.o(.constdata)
    .constdata                               0x00001724   Section        8  es_postlist.o(.constdata)
    DistList00                               0x00001724   Data           8  es_postlist.o(.constdata)
    .constdata                               0x0000172c   Section       64  es_timers.o(.constdata)
    Timer2PostFunc                           0x0000172c   Data          64  es_timers.o(.constdata)
    .constdata                               0x0000176c   Section       28  uartstdio.o(.constdata)
    g_pcHex                                  0x0000176c   Data           4  uartstdio.o(.constdata)
    g_ui32UARTBase                           0x00001770   Data          12  uartstdio.o(.constdata)
    g_ui32UARTPeriph                         0x0000177c   Data          12  uartstdio.o(.constdata)
    .constdata                               0x00001788   Section      528  gpio.o(.constdata)
    g_ppui32GPIOIntMapBlizzard               0x00001788   Data         192  gpio.o(.constdata)
    g_ppui32GPIOIntMapSnowflake              0x00001848   Data         192  gpio.o(.constdata)
    g_pui32GPIOBaseAddrs                     0x00001908   Data         144  gpio.o(.constdata)
    .constdata                               0x00001998   Section      268  interrupt.o(.constdata)
    g_pui32Priority                          0x00001998   Data          32  interrupt.o(.constdata)
    g_pui32Regs                              0x000019b8   Data         156  interrupt.o(.constdata)
    g_pui32EnRegs                            0x00001a54   Data          20  interrupt.o(.constdata)
    g_pui32Dii16Regs                         0x00001a68   Data          20  interrupt.o(.constdata)
    g_pui32PendRegs                          0x00001a7c   Data          20  interrupt.o(.constdata)
    g_pui32UnpendRegs                        0x00001a90   Data          20  interrupt.o(.constdata)
    .conststring                             0x00001aa4   Section       17  uartstdio.o(.conststring)
    .data                                    0x20000000   Section        3  testharnessservice0.o(.data)
    DeferredChar                             0x20000000   Data           1  testharnessservice0.o(.data)
    LEDvalue                                 0x20000001   Data           1  testharnessservice0.o(.data)
    MyPriority                               0x20000002   Data           1  testharnessservice0.o(.data)
    .data                                    0x20000003   Section        2  es_shorttimer.o(.data)
    Timer_A_Priority                         0x20000003   Data           1  es_shorttimer.o(.data)
    Timer_B_Priority                         0x20000004   Data           1  es_shorttimer.o(.data)
    .data                                    0x20000006   Section        6  es_framework.o(.data)
    ThisEvent                                0x20000008   Data           4  es_framework.o(.data)
    .data                                    0x2000000c   Section        4  es_port.o(.data)
    TickCount                                0x2000000c   Data           1  es_port.o(.data)
    SysTickCounter                           0x2000000e   Data           2  es_port.o(.data)
    .data                                    0x20000010   Section        4  es_port.o(.data)
    .data                                    0x20000014   Section       10  es_timers.o(.data)
    NextTimer2Process                        0x20000014   Data           1  es_timers.o(.data)
    NeedsProcessing                          0x20000016   Data           2  es_timers.o(.data)
    TMR_ActiveFlags                          0x20000018   Data           2  es_timers.o(.data)
    NewEvent                                 0x2000001a   Data           4  es_timers.o(.data)
    .data                                    0x20000020   Section        4  retarget.o(.data)
    .data                                    0x20000024   Section        4  retarget.o(.data)
    .data                                    0x20000028   Section        8  uartstdio.o(.data)
    bLastWasCR                               0x20000028   Data           1  uartstdio.o(.data)
    g_ui32Base                               0x2000002c   Data           4  uartstdio.o(.data)
    .bss                                     0x20000030   Section       16  testharnessservice0.o(.bss)
    DeferralQueue                            0x20000030   Data          16  testharnessservice0.o(.bss)
    .bss                                     0x20000040   Section       24  es_framework.o(.bss)
    Queue0                                   0x20000040   Data          24  es_framework.o(.bss)
    .bss                                     0x20000058   Section       32  es_timers.o(.bss)
    TMR_TimerArray                           0x20000058   Data          32  es_timers.o(.bss)
    .bss                                     0x20000078   Section       96  libspace.o(.bss)
    HEAP                                     0x200000d8   Section     4096  startup_rvmdk.o(HEAP)
    HeapMem                                  0x200000d8   Data           0  startup_rvmdk.o(HEAP)
    STACK                                    0x200010d8   Section     2048  startup_rvmdk.o(STACK)
    StackMem                                 0x200010d8   Data           0  startup_rvmdk.o(STACK)

    Global Symbols

    Symbol Name                              Value     Ov Type        Size  Object(Section)

    BuildAttributes$$THM_ISAv4$E$P$D$K$B$S$7EM$VFPi3$EXTD16$VFPS$VFMA$PE$A:L22UL41UL21$X:L11$S22US41US21$IEEE1$IW$USESV6$~STKCKD$USESV7$~SHL$OTIME$ROPI$EBA8$UX$STANDARDLIB$REQ8$PRES8$EABIv2 0x00000000   Number         0  anon$$obj.o ABSOLUTE
    __ARM_use_no_argv                        0x00000000   Number         0  main.o ABSOLUTE
    __Vectors                                0x00000000   Data           0  startup_rvmdk.o(RESET)
    __ARM_exceptions_init                     - Undefined Weak Reference
    __alloca_initialize                       - Undefined Weak Reference
    __cpp_initialize__aeabi_                  - Undefined Weak Reference
    __cxa_finalize                            - Undefined Weak Reference
    __rt_locale                               - Undefined Weak Reference
    __sigvec_lookup                           - Undefined Weak Reference
    _atexit_init                              - Undefined Weak Reference
    _call_atexit_fns                          - Undefined Weak Reference
    _clock_init                               - Undefined Weak Reference
    _fp_trap_init                             - Undefined Weak Reference
    _fp_trap_shutdown                         - Undefined Weak Reference
    _get_lc_collate                           - Undefined Weak Reference
    _get_lc_ctype                             - Undefined Weak Reference
    _get_lc_monetary                          - Undefined Weak Reference
    _get_lc_numeric                           - Undefined Weak Reference
    _get_lc_time                              - Undefined Weak Reference
    _getenv_init                              - Undefined Weak Reference
    _handle_redirection                       - Undefined Weak Reference
    _init_alloc                               - Undefined Weak Reference
    _init_user_alloc                          - Undefined Weak Reference
    _initio                                   - Undefined Weak Reference
    _printf_mbtowc                            - Undefined Weak Reference
    _printf_post_padding                      - Undefined Weak Reference
    _printf_pre_padding                       - Undefined Weak Reference
    _printf_truncate_signed                   - Undefined Weak Reference
    _printf_truncate_unsigned                 - Undefined Weak Reference
    _rand_init                                - Undefined Weak Reference
    _signal_finish                            - Undefined Weak Reference
    _signal_init                              - Undefined Weak Reference
    _terminate_alloc                          - Undefined Weak Reference
    _terminate_user_alloc                     - Undefined Weak Reference
    _terminateio                              - Undefined Weak Reference
    Reset_Handler                            0x0000026d   Thumb Code     0  startup_rvmdk.o(RESET)
    __main                                   0x00000289   Thumb Code     8  __main.o(!!!main)
    __scatterload                            0x00000291   Thumb Code     0  __scatter.o(!!!scatter)
    __scatterload_rt2                        0x00000291   Thumb Code    44  __scatter.o(!!!scatter)
    __scatterload_rt2_thumb_only             0x00000291   Thumb Code     0  __scatter.o(!!!scatter)
    __scatterload_null                       0x0000029f   Thumb Code     0  __scatter.o(!!!scatter)
    __scatterload_copy                       0x000002c5   Thumb Code    26  __scatter_copy.o(!!handler_copy)
    __scatterload_zeroinit                   0x000002e1   Thumb Code    28  __scatter_zi.o(!!handler_zi)
    _printf_d                                0x000002fd   Thumb Code     0  _printf_d.o(.ARM.Collect$$_printf_percent$$00000009)
    _printf_percent                          0x000002fd   Thumb Code     0  _printf_percent.o(.ARM.Collect$$_printf_percent$$00000000)
    _printf_c                                0x00000303   Thumb Code     0  _printf_c.o(.ARM.Collect$$_printf_percent$$00000013)
    _printf_s                                0x00000309   Thumb Code     0  _printf_s.o(.ARM.Collect$$_printf_percent$$00000014)
    _printf_percent_end                      0x0000030f   Thumb Code     0  _printf_percent_end.o(.ARM.Collect$$_printf_percent$$00000017)
    __rt_lib_init                            0x00000313   Thumb Code     0  libinit.o(.ARM.Collect$$libinit$$00000000)
    __rt_lib_init_fp_1                       0x00000315   Thumb Code     0  libinit2.o(.ARM.Collect$$libinit$$00000001)
    __rt_lib_init_alloca_1                   0x00000319   Thumb Code     0  libinit2.o(.ARM.Collect$$libinit$$0000002C)
    __rt_lib_init_argv_1                     0x00000319   Thumb Code     0  libinit2.o(.ARM.Collect$$libinit$$0000002A)
    __rt_lib_init_atexit_1                   0x00000319   Thumb Code     0  libinit2.o(.ARM.Collect$$libinit$$00000019)
    __rt_lib_init_clock_1                    0x00000319   Thumb Code     0  libinit2.o(.ARM.Collect$$libinit$$0000001F)
    __rt_lib_init_cpp_1                      0x00000319   Thumb Code     0  libinit2.o(.ARM.Collect$$libinit$$00000030)
    __rt_lib_init_exceptions_1               0x00000319   Thumb Code     0  libinit2.o(.ARM.Collect$$libinit$$0000002E)
    __rt_lib_init_fp_trap_1                  0x00000319   Thumb Code     0  libinit2.o(.ARM.Collect$$libinit$$0000001D)
    __rt_lib_init_getenv_1                   0x00000319   Thumb Code     0  libinit2.o(.ARM.Collect$$libinit$$00000021)
    __rt_lib_init_heap_1                     0x00000319   Thumb Code     0  libinit2.o(.ARM.Collect$$libinit$$00000008)
    __rt_lib_init_lc_collate_1               0x00000319   Thumb Code     0  libinit2.o(.ARM.Collect$$libinit$$0000000F)
    __rt_lib_init_lc_ctype_1                 0x00000319   Thumb Code     0  libinit2.o(.ARM.Collect$$libinit$$00000011)
    __rt_lib_init_lc_monetary_1              0x00000319   Thumb Code     0  libinit2.o(.ARM.Collect$$libinit$$00000013)
    __rt_lib_init_lc_numeric_1               0x00000319   Thumb Code     0  libinit2.o(.ARM.Collect$$libinit$$00000015)
    __rt_lib_init_lc_time_1                  0x00000319   Thumb Code     0  libinit2.o(.ARM.Collect$$libinit$$00000017)
    __rt_lib_init_rand_1                     0x00000319   Thumb Code     0  libinit2.o(.ARM.Collect$$libinit$$0000000C)
    __rt_lib_init_return                     0x00000319   Thumb Code     0  libinit2.o(.ARM.Collect$$libinit$$00000031)
    __rt_lib_init_signal_1                   0x00000319   Thumb Code     0  libinit2.o(.ARM.Collect$$libinit$$0000001B)
    __rt_lib_init_stdio_1                    0x00000319   Thumb Code     0  libinit2.o(.ARM.Collect$$libinit$$00000023)
    __rt_lib_init_user_alloc_1               0x00000319   Thumb Code     0  libinit2.o(.ARM.Collect$$libinit$$0000000A)
    __rt_lib_shutdown                        0x0000031b   Thumb Code     0  libshutdown.o(.ARM.Collect$$libshutdown$$00000000)
    __rt_lib_shutdown_fp_trap_1              0x0000031d   Thumb Code     0  libshutdown2.o(.ARM.Collect$$libshutdown$$00000006)
    __rt_lib_shutdown_heap_1                 0x0000031d   Thumb Code     0  libshutdown2.o(.ARM.Collect$$libshutdown$$0000000E)
    __rt_lib_shutdown_return                 0x0000031d   Thumb Code     0  libshutdown2.o(.ARM.Collect$$libshutdown$$0000000F)
    __rt_lib_shutdown_signal_1               0x0000031d   Thumb Code     0  libshutdown2.o(.ARM.Collect$$libshutdown$$00000009)
    __rt_lib_shutdown_stdio_1                0x0000031d   Thumb Code     0  libshutdown2.o(.ARM.Collect$$libshutdown$$00000003)
    __rt_lib_shutdown_user_alloc_1           0x0000031d   Thumb Code     0  libshutdown2.o(.ARM.Collect$$libshutdown$$0000000B)
    __rt_entry                               0x0000031f   Thumb Code     0  rtentry.o(.ARM.Collect$$rtentry$$00000000)
    __rt_entry_presh_1                       0x0000031f   Thumb Code     0  rtentry2.o(.ARM.Collect$$rtentry$$00000002)
    __rt_entry_sh                            0x0000031f   Thumb Code     0  rtentry4.o(.ARM.Collect$$rtentry$$00000004)
    __rt_entry_li                            0x00000325   Thumb Code     0  rtentry2.o(.ARM.Collect$$rtentry$$0000000A)
    __rt_entry_postsh_1                      0x00000325   Thumb Code     0  rtentry2.o(.ARM.Collect$$rtentry$$00000009)
    __rt_entry_main                          0x00000329   Thumb Code     0  rtentry2.o(.ARM.Collect$$rtentry$$0000000D)
    __rt_entry_postli_1                      0x00000329   Thumb Code     0  rtentry2.o(.ARM.Collect$$rtentry$$0000000C)
    __rt_exit                                0x00000331   Thumb Code     0  rtexit.o(.ARM.Collect$$rtexit$$00000000)
    __rt_exit_ls                             0x00000333   Thumb Code     0  rtexit2.o(.ARM.Collect$$rtexit$$00000003)
    __rt_exit_prels_1                        0x00000333   Thumb Code     0  rtexit2.o(.ARM.Collect$$rtexit$$00000002)
    __rt_exit_exit                           0x00000337   Thumb Code     0  rtexit2.o(.ARM.Collect$$rtexit$$00000004)
    SysCtlDelay                              0x0000033d   Thumb Code     6  sysctl.o(.emb_text)
    CPUcpsid                                 0x00000345   Thumb Code     8  cpu.o(.emb_text)
    CPUprimask                               0x0000034d   Thumb Code     6  cpu.o(.emb_text)
    CPUcpsie                                 0x00000353   Thumb Code     8  cpu.o(.emb_text)
    CPUwfi                                   0x0000035b   Thumb Code     4  cpu.o(.emb_text)
    CPUbasepriSet                            0x0000035f   Thumb Code     6  cpu.o(.emb_text)
    CPUbasepriGet                            0x00000365   Thumb Code     6  cpu.o(.emb_text)
    __user_initial_stackheap                 0x0000036d   Thumb Code     0  startup_rvmdk.o(.text)
    __I$use$semihosting                      0x00000389   Thumb Code     0  use_no_semi.o(.text)
    __use_no_semihosting_swi                 0x00000389   Thumb Code     2  use_no_semi.o(.text)
    __2printf                                0x0000038d   Thumb Code    20  noretval__2printf.o(.text)
    __printf                                 0x000003a5   Thumb Code   104  __printf.o(.text)
    _printf_str                              0x0000040d   Thumb Code    82  _printf_str.o(.text)
    _printf_int_dec                          0x00000461   Thumb Code   100  _printf_dec.o(.text)
    getc                                     0x000004d5   Thumb Code     4  getc.o(.text)
    puts                                     0x000004d9   Thumb Code    40  puts.o(.text)
    __use_two_region_memory                  0x00000505   Thumb Code     2  heapauxi.o(.text)
    __rt_heap_escrow$2region                 0x00000507   Thumb Code     2  heapauxi.o(.text)
    __rt_heap_expand$2region                 0x00000509   Thumb Code     2  heapauxi.o(.text)
    _printf_int_common                       0x0000050b   Thumb Code   178  _printf_intcommon.o(.text)
    _printf_cs_common                        0x000005bd   Thumb Code    20  _printf_char.o(.text)
    _printf_char                             0x000005d1   Thumb Code    16  _printf_char.o(.text)
    _printf_string                           0x000005e1   Thumb Code     8  _printf_char.o(.text)
    _printf_char_file                        0x000005e9   Thumb Code    32  _printf_char_file.o(.text)
    _printf_char_common                      0x00000617   Thumb Code    32  _printf_char_common.o(.text)
    __user_setup_stackheap                   0x0000063d   Thumb Code    74  sys_stackheap_outer.o(.text)
    exit                                     0x00000687   Thumb Code    12  exit.o(.text)
    __user_libspace                          0x00000695   Thumb Code     8  libspace.o(.text)
    __user_perproc_libspace                  0x00000695   Thumb Code     0  libspace.o(.text)
    __user_perthread_libspace                0x00000695   Thumb Code     0  libspace.o(.text)
    CPUgetPRIMASK_cpsid                      0x0000069d   Thumb Code     8  es_port.o(i.CPUgetPRIMASK_cpsid)
    CPUsetPRIMASK                            0x000006a5   Thumb Code     6  es_port.o(i.CPUsetPRIMASK)
    Check4Keystroke                          0x000006ad   Thumb Code    50  eventcheckers.o(i.Check4Keystroke)
    ES_CheckUserEvents                       0x000006e5   Thumb Code    34  es_checkevents.o(i.ES_CheckUserEvents)
    ES_DeQueue                               0x0000070d   Thumb Code    80  es_queue.o(i.ES_DeQueue)
    ES_EnQueueFIFO                           0x00000761   Thumb Code    66  es_queue.o(i.ES_EnQueueFIFO)
    ES_EnQueueLIFO                           0x000007a9   Thumb Code    66  es_queue.o(i.ES_EnQueueLIFO)
    ES_GetMSBitSet                           0x000007f1   Thumb Code    48  es_lookuptables.o(i.ES_GetMSBitSet)
    ES_InitQueue                             0x00000825   Thumb Code    16  es_queue.o(i.ES_InitQueue)
    ES_Initialize                            0x00000835   Thumb Code    76  es_framework.o(i.ES_Initialize)
    ES_PostList00                            0x00000885   Thumb Code    44  es_postlist.o(i.ES_PostList00)
    ES_PostToService                         0x000008b5   Thumb Code    34  es_framework.o(i.ES_PostToService)
    ES_PostToServiceLIFO                     0x000008e5   Thumb Code    34  es_framework.o(i.ES_PostToServiceLIFO)
    ES_RecallEvents                          0x00000915   Thumb Code    44  es_deferrecall.o(i.ES_RecallEvents)
    ES_Run                                   0x00000941   Thumb Code   100  es_framework.o(i.ES_Run)
    ES_ShortTimerInit                        0x000009b1   Thumb Code    40  es_shorttimer.o(i.ES_ShortTimerInit)
    ES_ShortTimerStart                       0x000009e9   Thumb Code    90  es_shorttimer.o(i.ES_ShortTimerStart)
    ES_Timer_Init                            0x00000a49   Thumb Code     4  es_timers.o(i.ES_Timer_Init)
    ES_Timer_InitTimer                       0x00000a4d   Thumb Code    44  es_timers.o(i.ES_Timer_InitTimer)
    ES_Timer_Tick_Resp                       0x00000a89   Thumb Code    90  es_timers.o(i.ES_Timer_Tick_Resp)
    GPIODirModeSet                           0x00000af5   Thumb Code    40  gpio.o(i.GPIODirModeSet)
    GPIOPadConfigSet                         0x00000b1d   Thumb Code   314  gpio.o(i.GPIOPadConfigSet)
    GPIOPinConfigure                         0x00000c59   Thumb Code    64  gpio.o(i.GPIOPinConfigure)
    GPIOPinTypeGPIOInput                     0x00000ca1   Thumb Code    28  gpio.o(i.GPIOPinTypeGPIOInput)
    GPIOPinTypeUART                          0x00000cbd   Thumb Code    28  gpio.o(i.GPIOPinTypeUART)
    InitTestHarnessService0                  0x00000cd9   Thumb Code   130  testharnessservice0.o(i.InitTestHarnessService0)
    IntEnable                                0x00000d81   Thumb Code    92  interrupt.o(i.IntEnable)
    IntMasterEnable                          0x00000de5   Thumb Code    14  interrupt.o(i.IntMasterEnable)
    PortFunctionInit                         0x00000df5   Thumb Code   132  enablepa25_pb23_pd7_pf0.o(i.PortFunctionInit)
    PostTestHarnessService0                  0x00000e95   Thumb Code    10  testharnessservice0.o(i.PostTestHarnessService0)
    RunTestHarnessService0                   0x00000ea5   Thumb Code   234  testharnessservice0.o(i.RunTestHarnessService0)
    ShortTimerAHandler                       0x000010a1   Thumb Code    42  es_shorttimer.o(i.ShortTimerAHandler)
    ShortTimerBHandler                       0x000010d5   Thumb Code    46  es_shorttimer.o(i.ShortTimerBHandler)
    SysCtlClockSet                           0x0000110d   Thumb Code   270  sysctl.o(i.SysCtlClockSet)
    SysCtlPeripheralEnable                   0x0000122d   Thumb Code    36  sysctl.o(i.SysCtlPeripheralEnable)
    SysTickEnable                            0x00001255   Thumb Code    14  systick.o(i.SysTickEnable)
    SysTickIntEnable                         0x00001263   Thumb Code    14  systick.o(i.SysTickIntEnable)
    SysTickIntHandler                        0x00001271   Thumb Code    16  es_port.o(i.SysTickIntHandler)
    SysTickPeriodSet                         0x00001285   Thumb Code    10  systick.o(i.SysTickPeriodSet)
    TERMIO_GetChar                           0x0000128f   Thumb Code     4  termio.o(i.TERMIO_GetChar)
    TERMIO_Init                              0x00001295   Thumb Code    62  termio.o(i.TERMIO_Init)
    TERMIO_PutChar                           0x000012e5   Thumb Code     8  termio.o(i.TERMIO_PutChar)
    TimerConfigure                           0x000012f1   Thumb Code    88  timer.o(i.TimerConfigure)
    TimerEnable                              0x00001351   Thumb Code    14  timer.o(i.TimerEnable)
    TimerIntClear                            0x0000135f   Thumb Code     4  timer.o(i.TimerIntClear)
    TimerIntEnable                           0x00001363   Thumb Code     8  timer.o(i.TimerIntEnable)
    TimerLoadSet                             0x0000136b   Thumb Code    18  timer.o(i.TimerLoadSet)
    TimerPrescaleSet                         0x0000137d   Thumb Code    18  timer.o(i.TimerPrescaleSet)
    UARTCharPut                              0x0000138f   Thumb Code    12  uart.o(i.UARTCharPut)
    UARTClockSourceSet                       0x0000139b   Thumb Code     6  uart.o(i.UARTClockSourceSet)
    UARTStdioConfig                          0x000013a1   Thumb Code    82  uartstdio.o(i.UARTStdioConfig)
    UARTgetc                                 0x000013fd   Thumb Code    20  uartstdio.o(i.UARTgetc)
    _HW_DebugClearLine1                      0x00001415   Thumb Code    16  es_port.o(i._HW_DebugClearLine1)
    _HW_DebugClearLine2                      0x00001429   Thumb Code    16  es_port.o(i._HW_DebugClearLine2)
    _HW_DebugLines_Init                      0x0000143d   Thumb Code    40  es_port.o(i._HW_DebugLines_Init)
    _HW_DebugSetLine1                        0x00001475   Thumb Code    16  es_port.o(i._HW_DebugSetLine1)
    _HW_DebugSetLine2                        0x00001489   Thumb Code    16  es_port.o(i._HW_DebugSetLine2)
    _HW_Process_Pending_Ints                 0x0000149d   Thumb Code    26  es_port.o(i._HW_Process_Pending_Ints)
    _HW_Timer_Init                           0x000014bd   Thumb Code    22  es_port.o(i._HW_Timer_Init)
    _sys_exit                                0x000014d3   Thumb Code     2  retarget.o(i._sys_exit)
    ferror                                   0x000014d5   Thumb Code     6  retarget.o(i.ferror)
    fgetc                                    0x000014db   Thumb Code     4  retarget.o(i.fgetc)
    fputc                                    0x000014df   Thumb Code    14  retarget.o(i.fputc)
    kbhit                                    0x000014ed   Thumb Code    16  termio.o(i.kbhit)
    main                                     0x00001501   Thumb Code   112  main.o(i.main)
    _fp_init                                 0x000016d5   Thumb Code    10  fpinit.o(x$fpl$fpinit)
    __fplib_config_fpu_vfp                   0x000016dd   Thumb Code     0  fpinit.o(x$fpl$fpinit)
    __fplib_config_pureend_doubles           0x000016dd   Thumb Code     0  fpinit.o(x$fpl$fpinit)
    BitNum2SetMask                           0x000016f4   Data          32  es_lookuptables.o(.constdata)
    Nybble2MSBitNum                          0x00001714   Data          15  es_lookuptables.o(.constdata)
    Region$$Table$$Base                      0x00001ab8   Number         0  anon$$obj.o(Region$$Table)
    Region$$Table$$Limit                     0x00001ad8   Number         0  anon$$obj.o(Region$$Table)
    Ready                                    0x20000006   Data           2  es_framework.o(.data)
    _PRIMASK_temp                            0x20000010   Data           4  es_port.o(.data)
    __stdout                                 0x20000020   Data           4  retarget.o(.data)
    __stdin                                  0x20000024   Data           4  retarget.o(.data)
    __libspace_start                         0x20000078   Data          96  libspace.o(.bss)
    __temporary_stack_top$libspace           0x200000d8   Data           0  libspace.o(.bss)



==============================================================================

Memory Map of the image

  Image Entry point : 0x0000026d

  Load Region LR_IROM1 (Base: 0x00000000, Size: 0x00001b08, Max: 0x00040000, ABSOLUTE)

    Execution Region ER_IROM1 (Base: 0x00000000, Size: 0x00001ad8, Max: 0x00040000, ABSOLUTE)

    Base Addr    Size         Type   Attr      Idx    E Section Name        Object

    0x00000000   0x00000288   Code   RO          183  * RESET               startup_rvmdk.o
    0x00000288   0x00000008   Code   RO         2114  * !!!main             c_w.l(__main.o)
    0x00000290   0x00000034   Code   RO         2273    !!!scatter          c_w.l(__scatter.o)
    0x000002c4   0x0000001a   Code   RO         2275    !!handler_copy      c_w.l(__scatter_copy.o)
    0x000002de   0x00000002   PAD
    0x000002e0   0x0000001c   Code   RO         2277    !!handler_zi        c_w.l(__scatter_zi.o)
    0x000002fc   0x00000000   Code   RO         2107    .ARM.Collect$$_printf_percent$$00000000  c_w.l(_printf_percent.o)
    0x000002fc   0x00000006   Code   RO         2106    .ARM.Collect$$_printf_percent$$00000009  c_w.l(_printf_d.o)
    0x00000302   0x00000006   Code   RO         2104    .ARM.Collect$$_printf_percent$$00000013  c_w.l(_printf_c.o)
    0x00000308   0x00000006   Code   RO         2105    .ARM.Collect$$_printf_percent$$00000014  c_w.l(_printf_s.o)
    0x0000030e   0x00000004   Code   RO         2123    .ARM.Collect$$_printf_percent$$00000017  c_w.l(_printf_percent_end.o)
    0x00000312   0x00000002   Code   RO         2152    .ARM.Collect$$libinit$$00000000  c_w.l(libinit.o)
    0x00000314   0x00000004   Code   RO         2158    .ARM.Collect$$libinit$$00000001  c_w.l(libinit2.o)
    0x00000318   0x00000000   Code   RO         2162    .ARM.Collect$$libinit$$00000008  c_w.l(libinit2.o)
    0x00000318   0x00000000   Code   RO         2164    .ARM.Collect$$libinit$$0000000A  c_w.l(libinit2.o)
    0x00000318   0x00000000   Code   RO         2166    .ARM.Collect$$libinit$$0000000C  c_w.l(libinit2.o)
    0x00000318   0x00000000   Code   RO         2169    .ARM.Collect$$libinit$$0000000F  c_w.l(libinit2.o)
    0x00000318   0x00000000   Code   RO         2171    .ARM.Collect$$libinit$$00000011  c_w.l(libinit2.o)
    0x00000318   0x00000000   Code   RO         2173    .ARM.Collect$$libinit$$00000013  c_w.l(libinit2.o)
    0x00000318   0x00000000   Code   RO         2175    .ARM.Collect$$libinit$$00000015  c_w.l(libinit2.o)
    0x00000318   0x00000000   Code   RO         2177    .ARM.Collect$$libinit$$00000017  c_w.l(libinit2.o)
    0x00000318   0x00000000   Code   RO         2179    .ARM.Collect$$libinit$$00000019  c_w.l(libinit2.o)
    0x00000318   0x00000000   Code   RO         2181    .ARM.Collect$$libinit$$0000001B  c_w.l(libinit2.o)
    0x00000318   0x00000000   Code   RO         2183    .ARM.Collect$$libinit$$0000001D  c_w.l(libinit2.o)
    0x00000318   0x00000000   Code   RO         2185    .ARM.Collect$$libinit$$0000001F  c_w.l(libinit2.o)
    0x00000318   0x00000000   Code   RO         2187    .ARM.Collect$$libinit$$00000021  c_w.l(libinit2.o)
    0x00000318   0x00000000   Code   RO         2189    .ARM.Collect$$libinit$$00000023  c_w.l(libinit2.o)
    0x00000318   0x00000000   Code   RO         2193    .ARM.Collect$$libinit$$0000002A  c_w.l(libinit2.o)
    0x00000318   0x00000000   Code   RO         2195    .ARM.Collect$$libinit$$0000002C  c_w.l(libinit2.o)
    0x00000318   0x00000000   Code   RO         2197    .ARM.Collect$$libinit$$0000002E  c_w.l(libinit2.o)
    0x00000318   0x00000000   Code   RO         2199    .ARM.Collect$$libinit$$00000030  c_w.l(libinit2.o)
    0x00000318   0x00000002   Code   RO         2200    .ARM.Collect$$libinit$$00000031  c_w.l(libinit2.o)
    0x0000031a   0x00000002   Code   RO         2218    .ARM.Collect$$libshutdown$$00000000  c_w.l(libshutdown.o)
    0x0000031c   0x00000000   Code   RO         2229    .ARM.Collect$$libshutdown$$00000003  c_w.l(libshutdown2.o)
    0x0000031c   0x00000000   Code   RO         2232    .ARM.Collect$$libshutdown$$00000006  c_w.l(libshutdown2.o)
    0x0000031c   0x00000000   Code   RO         2235    .ARM.Collect$$libshutdown$$00000009  c_w.l(libshutdown2.o)
    0x0000031c   0x00000000   Code   RO         2237    .ARM.Collect$$libshutdown$$0000000B  c_w.l(libshutdown2.o)
    0x0000031c   0x00000000   Code   RO         2240    .ARM.Collect$$libshutdown$$0000000E  c_w.l(libshutdown2.o)
    0x0000031c   0x00000002   Code   RO         2241    .ARM.Collect$$libshutdown$$0000000F  c_w.l(libshutdown2.o)
    0x0000031e   0x00000000   Code   RO         2116    .ARM.Collect$$rtentry$$00000000  c_w.l(rtentry.o)
    0x0000031e   0x00000000   Code   RO         2125    .ARM.Collect$$rtentry$$00000002  c_w.l(rtentry2.o)
    0x0000031e   0x00000006   Code   RO         2137    .ARM.Collect$$rtentry$$00000004  c_w.l(rtentry4.o)
    0x00000324   0x00000000   Code   RO         2127    .ARM.Collect$$rtentry$$00000009  c_w.l(rtentry2.o)
    0x00000324   0x00000004   Code   RO         2128    .ARM.Collect$$rtentry$$0000000A  c_w.l(rtentry2.o)
    0x00000328   0x00000000   Code   RO         2130    .ARM.Collect$$rtentry$$0000000C  c_w.l(rtentry2.o)
    0x00000328   0x00000008   Code   RO         2131    .ARM.Collect$$rtentry$$0000000D  c_w.l(rtentry2.o)
    0x00000330   0x00000002   Code   RO         2156    .ARM.Collect$$rtexit$$00000000  c_w.l(rtexit.o)
    0x00000332   0x00000000   Code   RO         2202    .ARM.Collect$$rtexit$$00000002  c_w.l(rtexit2.o)
    0x00000332   0x00000004   Code   RO         2203    .ARM.Collect$$rtexit$$00000003  c_w.l(rtexit2.o)
    0x00000336   0x00000006   Code   RO         2204    .ARM.Collect$$rtexit$$00000004  c_w.l(rtexit2.o)
    0x0000033c   0x00000006   Code   RO         1124    .emb_text           driverlib.lib(sysctl.o)
    0x00000342   0x00000002   PAD
    0x00000344   0x00000026   Code   RO         2060    .emb_text           driverlib.lib(cpu.o)
    0x0000036a   0x00000002   PAD
    0x0000036c   0x0000001c   Code   RO          184    .text               startup_rvmdk.o
    0x00000388   0x00000002   Code   RO         2072    .text               c_w.l(use_no_semi.o)
    0x0000038a   0x00000002   PAD
    0x0000038c   0x00000018   Code   RO         2076    .text               c_w.l(noretval__2printf.o)
    0x000003a4   0x00000068   Code   RO         2078    .text               c_w.l(__printf.o)
    0x0000040c   0x00000052   Code   RO         2080    .text               c_w.l(_printf_str.o)
    0x0000045e   0x00000002   PAD
    0x00000460   0x00000074   Code   RO         2082    .text               c_w.l(_printf_dec.o)
    0x000004d4   0x00000004   Code   RO         2108    .text               c_w.l(getc.o)
    0x000004d8   0x0000002c   Code   RO         2110    .text               c_w.l(puts.o)
    0x00000504   0x00000006   Code   RO         2112    .text               c_w.l(heapauxi.o)
    0x0000050a   0x000000b2   Code   RO         2117    .text               c_w.l(_printf_intcommon.o)
    0x000005bc   0x0000002c   Code   RO         2119    .text               c_w.l(_printf_char.o)
    0x000005e8   0x00000024   Code   RO         2121    .text               c_w.l(_printf_char_file.o)
    0x0000060c   0x00000030   Code   RO         2139    .text               c_w.l(_printf_char_common.o)
    0x0000063c   0x0000004a   Code   RO         2141    .text               c_w.l(sys_stackheap_outer.o)
    0x00000686   0x0000000c   Code   RO         2145    .text               c_w.l(exit.o)
    0x00000692   0x00000002   PAD
    0x00000694   0x00000008   Code   RO         2153    .text               c_w.l(libspace.o)
    0x0000069c   0x00000008   Code   RO          344    i.CPUgetPRIMASK_cpsid  es_port.o
    0x000006a4   0x00000006   Code   RO          345    i.CPUsetPRIMASK     es_port.o
    0x000006aa   0x00000002   PAD
    0x000006ac   0x00000038   Code   RO           80    i.Check4Keystroke   eventcheckers.o
    0x000006e4   0x00000028   Code   RO          251    i.ES_CheckUserEvents  es_checkevents.o
    0x0000070c   0x00000054   Code   RO          449    i.ES_DeQueue        es_queue.o
    0x00000760   0x00000048   Code   RO          450    i.ES_EnQueueFIFO    es_queue.o
    0x000007a8   0x00000048   Code   RO          451    i.ES_EnQueueLIFO    es_queue.o
    0x000007f0   0x00000034   Code   RO          328    i.ES_GetMSBitSet    es_lookuptables.o
    0x00000824   0x00000010   Code   RO          452    i.ES_InitQueue      es_queue.o
    0x00000834   0x00000050   Code   RO          283    i.ES_Initialize     es_framework.o
    0x00000884   0x00000030   Code   RO          435    i.ES_PostList00     es_postlist.o
    0x000008b4   0x00000030   Code   RO          285    i.ES_PostToService  es_framework.o
    0x000008e4   0x00000030   Code   RO          286    i.ES_PostToServiceLIFO  es_framework.o
    0x00000914   0x0000002c   Code   RO          271    i.ES_RecallEvents   es_deferrecall.o
    0x00000940   0x00000070   Code   RO          287    i.ES_Run            es_framework.o
    0x000009b0   0x00000038   Code   RO          190    i.ES_ShortTimerInit  es_shorttimer.o
    0x000009e8   0x00000060   Code   RO          191    i.ES_ShortTimerStart  es_shorttimer.o
    0x00000a48   0x00000004   Code   RO          486    i.ES_Timer_Init     es_timers.o
    0x00000a4c   0x0000003c   Code   RO          487    i.ES_Timer_InitTimer  es_timers.o
    0x00000a88   0x0000006c   Code   RO          491    i.ES_Timer_Tick_Resp  es_timers.o
    0x00000af4   0x00000028   Code   RO          687    i.GPIODirModeSet    driverlib.lib(gpio.o)
    0x00000b1c   0x0000013a   Code   RO          697    i.GPIOPadConfigSet  driverlib.lib(gpio.o)
    0x00000c56   0x00000002   PAD
    0x00000c58   0x00000048   Code   RO          698    i.GPIOPinConfigure  driverlib.lib(gpio.o)
    0x00000ca0   0x0000001c   Code   RO          707    i.GPIOPinTypeGPIOInput  driverlib.lib(gpio.o)
    0x00000cbc   0x0000001c   Code   RO          723    i.GPIOPinTypeUART   driverlib.lib(gpio.o)
    0x00000cd8   0x000000a8   Code   RO          101    i.InitTestHarnessService0  testharnessservice0.o
    0x00000d80   0x00000064   Code   RO         1009    i.IntEnable         driverlib.lib(interrupt.o)
    0x00000de4   0x0000000e   Code   RO         1012    i.IntMasterEnable   driverlib.lib(interrupt.o)
    0x00000df2   0x00000002   PAD
    0x00000df4   0x000000a0   Code   RO          239    i.PortFunctionInit  enablepa25_pb23_pd7_pf0.o
    0x00000e94   0x00000010   Code   RO          102    i.PostTestHarnessService0  testharnessservice0.o
    0x00000ea4   0x000001fc   Code   RO          103    i.RunTestHarnessService0  testharnessservice0.o
    0x000010a0   0x00000034   Code   RO          192    i.ShortTimerAHandler  es_shorttimer.o
    0x000010d4   0x00000038   Code   RO          193    i.ShortTimerBHandler  es_shorttimer.o
    0x0000110c   0x00000120   Code   RO         1129    i.SysCtlClockSet    driverlib.lib(sysctl.o)
    0x0000122c   0x00000028   Code   RO         1158    i.SysCtlPeripheralEnable  driverlib.lib(sysctl.o)
    0x00001254   0x0000000e   Code   RO         1467    i.SysTickEnable     driverlib.lib(systick.o)
    0x00001262   0x0000000e   Code   RO         1469    i.SysTickIntEnable  driverlib.lib(systick.o)
    0x00001270   0x00000014   Code   RO          347    i.SysTickIntHandler  es_port.o
    0x00001284   0x0000000a   Code   RO         1473    i.SysTickPeriodSet  driverlib.lib(systick.o)
    0x0000128e   0x00000004   Code   RO          587    i.TERMIO_GetChar    termio.o
    0x00001292   0x00000002   PAD
    0x00001294   0x00000050   Code   RO          588    i.TERMIO_Init       termio.o
    0x000012e4   0x0000000c   Code   RO          589    i.TERMIO_PutChar    termio.o
    0x000012f0   0x00000060   Code   RO         1533    i.TimerConfigure    driverlib.lib(timer.o)
    0x00001350   0x0000000e   Code   RO         1542    i.TimerEnable       driverlib.lib(timer.o)
    0x0000135e   0x00000004   Code   RO         1543    i.TimerIntClear     driverlib.lib(timer.o)
    0x00001362   0x00000008   Code   RO         1545    i.TimerIntEnable    driverlib.lib(timer.o)
    0x0000136a   0x00000012   Code   RO         1551    i.TimerLoadSet      driverlib.lib(timer.o)
    0x0000137c   0x00000012   Code   RO         1560    i.TimerPrescaleSet  driverlib.lib(timer.o)
    0x0000138e   0x0000000c   Code   RO         1779    i.UARTCharPut       driverlib.lib(uart.o)
    0x0000139a   0x00000006   Code   RO         1783    i.UARTClockSourceSet  driverlib.lib(uart.o)
    0x000013a0   0x0000005c   Code   RO          630    i.UARTStdioConfig   uartstdio.o
    0x000013fc   0x00000018   Code   RO          631    i.UARTgetc          uartstdio.o
    0x00001414   0x00000014   Code   RO          348    i._HW_DebugClearLine1  es_port.o
    0x00001428   0x00000014   Code   RO          349    i._HW_DebugClearLine2  es_port.o
    0x0000143c   0x00000038   Code   RO          350    i._HW_DebugLines_Init  es_port.o
    0x00001474   0x00000014   Code   RO          351    i._HW_DebugSetLine1  es_port.o
    0x00001488   0x00000014   Code   RO          352    i._HW_DebugSetLine2  es_port.o
    0x0000149c   0x00000020   Code   RO          354    i._HW_Process_Pending_Ints  es_port.o
    0x000014bc   0x00000016   Code   RO          355    i._HW_Timer_Init    es_port.o
    0x000014d2   0x00000002   Code   RO          537    i._sys_exit         retarget.o
    0x000014d4   0x00000006   Code   RO          539    i.ferror            retarget.o
    0x000014da   0x00000004   Code   RO          540    i.fgetc             retarget.o
    0x000014de   0x0000000e   Code   RO          541    i.fputc             retarget.o
    0x000014ec   0x00000014   Code   RO          590    i.kbhit             termio.o
    0x00001500   0x000001d4   Code   RO            1    i.main              main.o
    0x000016d4   0x0000000a   Code   RO         2210    x$fpl$fpinit        fz_wm.l(fpinit.o)
    0x000016de   0x00000002   PAD
    0x000016e0   0x00000004   Data   RO          252    .constdata          es_checkevents.o
    0x000016e4   0x00000010   Data   RO          289    .constdata          es_framework.o
    0x000016f4   0x00000020   Data   RO          329    .constdata          es_lookuptables.o
    0x00001714   0x0000000f   Data   RO          330    .constdata          es_lookuptables.o
    0x00001723   0x00000001   PAD
    0x00001724   0x00000008   Data   RO          436    .constdata          es_postlist.o
    0x0000172c   0x00000040   Data   RO          493    .constdata          es_timers.o
    0x0000176c   0x0000001c   Data   RO          636    .constdata          uartstdio.o
    0x00001788   0x00000210   Data   RO          730    .constdata          driverlib.lib(gpio.o)
    0x00001998   0x0000010c   Data   RO         1025    .constdata          driverlib.lib(interrupt.o)
    0x00001aa4   0x00000011   Data   RO          637    .conststring        uartstdio.o
    0x00001ab5   0x00000003   PAD
    0x00001ab8   0x00000020   Data   RO         2271    Region$$Table       anon$$obj.o


    Execution Region RW_IRAM1 (Base: 0x20000000, Size: 0x000018d8, Max: 0x00008000, ABSOLUTE)

    Base Addr    Size         Type   Attr      Idx    E Section Name        Object

    0x20000000   0x00000003   Data   RW          105    .data               testharnessservice0.o
    0x20000003   0x00000002   Data   RW          194    .data               es_shorttimer.o
    0x20000005   0x00000001   PAD
    0x20000006   0x00000006   Data   RW          290    .data               es_framework.o
    0x2000000c   0x00000004   Data   RW          356    .data               es_port.o
    0x20000010   0x00000004   Data   RW          357    .data               es_port.o
    0x20000014   0x0000000a   Data   RW          494    .data               es_timers.o
    0x2000001e   0x00000002   PAD
    0x20000020   0x00000004   Data   RW          542    .data               retarget.o
    0x20000024   0x00000004   Data   RW          543    .data               retarget.o
    0x20000028   0x00000008   Data   RW          638    .data               uartstdio.o
    0x20000030   0x00000010   Zero   RW          104    .bss                testharnessservice0.o
    0x20000040   0x00000018   Zero   RW          288    .bss                es_framework.o
    0x20000058   0x00000020   Zero   RW          492    .bss                es_timers.o
    0x20000078   0x00000060   Zero   RW         2154    .bss                c_w.l(libspace.o)
    0x200000d8   0x00001000   Zero   RW          182    HEAP                startup_rvmdk.o
    0x200010d8   0x00000800   Zero   RW          181    STACK               startup_rvmdk.o


==============================================================================

Image component sizes


      Code (inc. data)   RO Data    RW Data    ZI Data      Debug   Object Name

       160         28          0          0          0        603   enablepa25_pb23_pd7_pf0.o
        40          6          4          0          0       1585   es_checkevents.o
        44          0          0          0          0       1038   es_deferrecall.o
       288         44         16          6         24       3691   es_framework.o
        52          4         47          0          0       1326   es_lookuptables.o
       224         42          0          8          0       7144   es_port.o
        48          4          8          0          0       1384   es_postlist.o
       244         16          0          0          0       2898   es_queue.o
       260         42          0          2          0       3365   es_shorttimer.o
       172         34         64         10         32       2466   es_timers.o
        56          6          0          0          0        610   eventcheckers.o
       468        356          0          0          0       8863   main.o
        26          0          0          8          0       3735   retarget.o
       676        640          0          0       6144        580   startup_rvmdk.o
       116         26          0          0          0       2012   termio.o
       692        318          0          3         16       2989   testharnessservice0.o
       116         14         45          8          0       2796   uartstdio.o

    ----------------------------------------------------------------------
      3686       1580        220         48       6216      47085   Object Totals
         0          0         32          0          0          0   (incl. Generated)
         4          0          4          3          0          0   (incl. Padding)

    ----------------------------------------------------------------------

      Code (inc. data)   RO Data    RW Data    ZI Data      Debug   Library Member Name

         8          0          0          0          0         68   __main.o
       104          0          0          0          0         84   __printf.o
        52          8          0          0          0          0   __scatter.o
        26          0          0          0          0          0   __scatter_copy.o
        28          0          0          0          0          0   __scatter_zi.o
         6          0          0          0          0          0   _printf_c.o
        44          0          0          0          0        108   _printf_char.o
        48          6          0          0          0         96   _printf_char_common.o
        36          4          0          0          0         80   _printf_char_file.o
         6          0          0          0          0          0   _printf_d.o
       116         16          0          0          0         92   _printf_dec.o
       178          0          0          0          0         88   _printf_intcommon.o
         0          0          0          0          0          0   _printf_percent.o
         4          0          0          0          0          0   _printf_percent_end.o
         6          0          0          0          0          0   _printf_s.o
        82          0          0          0          0         80   _printf_str.o
        12          0          0          0          0         72   exit.o
         4          0          0          0          0         68   getc.o
         6          0          0          0          0        152   heapauxi.o
         2          0          0          0          0          0   libinit.o
         6          0          0          0          0          0   libinit2.o
         2          0          0          0          0          0   libshutdown.o
         2          0          0          0          0          0   libshutdown2.o
         8          4          0          0         96         68   libspace.o
        24          4          0          0          0         84   noretval__2printf.o
        44          4          0          0          0         84   puts.o
         0          0          0          0          0          0   rtentry.o
        12          0          0          0          0          0   rtentry2.o
         6          0          0          0          0          0   rtentry4.o
         2          0          0          0          0          0   rtexit.o
        10          0          0          0          0          0   rtexit2.o
        74          0          0          0          0         80   sys_stackheap_outer.o
         2          0          0          0          0         68   use_no_semi.o
        38          0          0          0          0        504   cpu.o
       482          8        528          0          0       6412   gpio.o
       114          8        268          0          0       1774   interrupt.o
       334         22          0          0          0       1550   sysctl.o
        38          0          0          0          0       1218   systick.o
       158          8          0          0          0       2722   timer.o
        18          0          0          0          0        867   uart.o
        10          0          0          0          0        116   fpinit.o

    ----------------------------------------------------------------------
      2170         92        796          0         96      16535   Library Totals
        18          0          0          0          0          0   (incl. Padding)

    ----------------------------------------------------------------------

      Code (inc. data)   RO Data    RW Data    ZI Data      Debug   Library Name

       960         46          0          0         96       1372   c_w.l
      1182         46        796          0          0      15047   driverlib.lib
        10          0          0          0          0        116   fz_wm.l

    ----------------------------------------------------------------------
      2170         92        796          0         96      16535   Library Totals

    ----------------------------------------------------------------------

==============================================================================


      Code (inc. data)   RO Data    RW Data    ZI Data      Debug   

      5856       1672       1016         48       6312      56996   Grand Totals
      5856       1672       1016         48       6312      56996   ELF Image Totals
      5856       1672       1016         48          0          0   ROM Totals

==============================================================================

    Total RO  Size (Code + RO Data)                 6872 (   6.71kB)
    Total RW  Size (RW Data + ZI Data)              6360 (   6.21kB)
    Total ROM Size (Code + RO Data + RW Data)       6920 (   6.76kB)

==============================================================================

